  main.c
C:\Users\erick\OneDrive\ErickCraftStudiosMgrChannel\Saved Proyects\KellyBootloaderCode\KellyBootloader\.vs\msvc\motor.h(1343,40): warning C4047: 'return': 'ch16' es distinto en los niveles de direccionamiento indirecto de 'ch16 *'
C:\Users\erick\OneDrive\ErickCraftStudiosMgrChannel\Saved Proyects\KellyBootloaderCode\KellyBootloader\.vs\msvc\motor.h(1375,20): warning C4244: 'inicializando': conversión de 'size_t' a 'double'; posible pérdida de datos
C:\Users\erick\OneDrive\ErickCraftStudiosMgrChannel\Saved Proyects\KellyBootloaderCode\KellyBootloader\.vs\msvc\Console.h(933,30): warning C4244: 'función': conversión de 'UINTN' a 'UINT32'; posible pérdida de datos
C:\Users\erick\OneDrive\ErickCraftStudiosMgrChannel\Saved Proyects\KellyBootloaderCode\KellyBootloader\.vs\msvc\Console.h(933,52): warning C4244: 'función': conversión de 'UINTN' a 'UINT32'; posible pérdida de datos
C:\Users\erick\OneDrive\ErickCraftStudiosMgrChannel\Saved Proyects\KellyBootloaderCode\KellyBootloader\.vs\msvc\Console.h(1030,42): warning C4047: 'return': 'CHAR16' es distinto en los niveles de direccionamiento indirecto de 'unsigned short [6]'
C:\Users\erick\OneDrive\ErickCraftStudiosMgrChannel\Saved Proyects\KellyBootloaderCode\KellyBootloader\.vs\msvc\Console.h(1031,42): warning C4047: 'return': 'CHAR16' es distinto en los niveles de direccionamiento indirecto de 'unsigned short [6]'
C:\Users\erick\OneDrive\ErickCraftStudiosMgrChannel\Saved Proyects\KellyBootloaderCode\KellyBootloader\.vs\msvc\Console.h(1032,40): warning C4047: 'return': 'CHAR16' es distinto en los niveles de direccionamiento indirecto de 'unsigned short [5]'
C:\Users\erick\OneDrive\ErickCraftStudiosMgrChannel\Saved Proyects\KellyBootloaderCode\KellyBootloader\.vs\msvc\Console.h(1033,48): warning C4047: 'return': 'CHAR16' es distinto en los niveles de direccionamiento indirecto de 'unsigned short [9]'
C:\Users\erick\OneDrive\ErickCraftStudiosMgrChannel\Saved Proyects\KellyBootloaderCode\KellyBootloader\.vs\msvc\Console.h(1034,46): warning C4047: 'return': 'CHAR16' es distinto en los niveles de direccionamiento indirecto de 'unsigned short [8]'
C:\Users\erick\OneDrive\ErickCraftStudiosMgrChannel\Saved Proyects\KellyBootloaderCode\KellyBootloader\.vs\msvc\Console.h(1035,38): warning C4047: 'return': 'CHAR16' es distinto en los niveles de direccionamiento indirecto de 'unsigned short [4]'
C:\Users\erick\OneDrive\ErickCraftStudiosMgrChannel\Saved Proyects\KellyBootloaderCode\KellyBootloader\.vs\msvc\Console.h(1036,42): warning C4047: 'return': 'CHAR16' es distinto en los niveles de direccionamiento indirecto de 'unsigned short [6]'
C:\Users\erick\OneDrive\ErickCraftStudiosMgrChannel\Saved Proyects\KellyBootloaderCode\KellyBootloader\.vs\msvc\Console.h(1037,52): warning C4047: 'return': 'CHAR16' es distinto en los niveles de direccionamiento indirecto de 'unsigned short [11]'
C:\Users\erick\OneDrive\ErickCraftStudiosMgrChannel\Saved Proyects\KellyBootloaderCode\KellyBootloader\.vs\msvc\Console.h(1038,44): warning C4047: 'return': 'CHAR16' es distinto en los niveles de direccionamiento indirecto de 'unsigned short [7]'
C:\Users\erick\OneDrive\ErickCraftStudiosMgrChannel\Saved Proyects\KellyBootloaderCode\KellyBootloader\.vs\msvc\Console.h(1039,48): warning C4047: 'return': 'CHAR16' es distinto en los niveles de direccionamiento indirecto de 'unsigned short [9]'
C:\Users\erick\OneDrive\ErickCraftStudiosMgrChannel\Saved Proyects\KellyBootloaderCode\KellyBootloader\.vs\msvc\Console.h(1040,52): warning C4047: 'return': 'CHAR16' es distinto en los niveles de direccionamiento indirecto de 'unsigned short [11]'
C:\Users\erick\OneDrive\ErickCraftStudiosMgrChannel\Saved Proyects\KellyBootloaderCode\KellyBootloader\.vs\msvc\Console.h(1041,44): warning C4047: 'return': 'CHAR16' es distinto en los niveles de direccionamiento indirecto de 'unsigned short [7]'
C:\Users\erick\OneDrive\ErickCraftStudiosMgrChannel\Saved Proyects\KellyBootloaderCode\KellyBootloader\.vs\msvc\Console.h(1042,48): warning C4047: 'return': 'CHAR16' es distinto en los niveles de direccionamiento indirecto de 'unsigned short [9]'
C:\Users\erick\OneDrive\ErickCraftStudiosMgrChannel\Saved Proyects\KellyBootloaderCode\KellyBootloader\.vs\msvc\Console.h(1043,50): warning C4047: 'return': 'CHAR16' es distinto en los niveles de direccionamiento indirecto de 'unsigned short [10]'
C:\Users\erick\OneDrive\ErickCraftStudiosMgrChannel\Saved Proyects\KellyBootloaderCode\KellyBootloader\.vs\msvc\Console.h(1044,42): warning C4047: 'return': 'CHAR16' es distinto en los niveles de direccionamiento indirecto de 'unsigned short [6]'
C:\Users\erick\OneDrive\ErickCraftStudiosMgrChannel\Saved Proyects\KellyBootloaderCode\KellyBootloader\.vs\msvc\Console.h(1045,46): warning C4047: 'return': 'CHAR16' es distinto en los niveles de direccionamiento indirecto de 'unsigned short [8]'
C:\Users\erick\OneDrive\ErickCraftStudiosMgrChannel\Saved Proyects\KellyBootloaderCode\KellyBootloader\.vs\msvc\Console.h(1046,48): warning C4047: 'return': 'CHAR16' es distinto en los niveles de direccionamiento indirecto de 'unsigned short [9]'
C:\Users\erick\OneDrive\ErickCraftStudiosMgrChannel\Saved Proyects\KellyBootloaderCode\KellyBootloader\.vs\msvc\Console.h(1047,40): warning C4047: 'return': 'CHAR16' es distinto en los niveles de direccionamiento indirecto de 'unsigned short [5]'
C:\Users\erick\OneDrive\ErickCraftStudiosMgrChannel\Saved Proyects\KellyBootloaderCode\KellyBootloader\.vs\msvc\Console.h(1048,44): warning C4047: 'return': 'CHAR16' es distinto en los niveles de direccionamiento indirecto de 'unsigned short [7]'
C:\Users\erick\OneDrive\ErickCraftStudiosMgrChannel\Saved Proyects\KellyBootloaderCode\KellyBootloader\.vs\msvc\Console.h(1049,48): warning C4047: 'return': 'CHAR16' es distinto en los niveles de direccionamiento indirecto de 'unsigned short [9]'
C:\Users\erick\OneDrive\ErickCraftStudiosMgrChannel\Saved Proyects\KellyBootloaderCode\KellyBootloader\.vs\msvc\Console.h(1050,40): warning C4047: 'return': 'CHAR16' es distinto en los niveles de direccionamiento indirecto de 'unsigned short [5]'
C:\Users\erick\OneDrive\ErickCraftStudiosMgrChannel\Saved Proyects\KellyBootloaderCode\KellyBootloader\.vs\msvc\Console.h(1051,44): warning C4047: 'return': 'CHAR16' es distinto en los niveles de direccionamiento indirecto de 'unsigned short [7]'
C:\Users\erick\OneDrive\ErickCraftStudiosMgrChannel\Saved Proyects\KellyBootloaderCode\KellyBootloader\.vs\msvc\Console.h(1053,20): warning C4047: 'return': 'CHAR16' es distinto en los niveles de direccionamiento indirecto de 'unsigned short [6]'
C:\Users\erick\OneDrive\ErickCraftStudiosMgrChannel\Saved Proyects\KellyBootloaderCode\KellyBootloader\.vs\msvc\Console.h(1081,19): warning C4047: '=': 'UINT16' es distinto en los niveles de direccionamiento indirecto de 'VOID *'
C:\Users\erick\OneDrive\ErickCraftStudiosMgrChannel\Saved Proyects\KellyBootloaderCode\KellyBootloader\.vs\msvc\Console.h(1082,19): warning C4047: '=': 'UINT16' es distinto en los niveles de direccionamiento indirecto de 'VOID *'
C:\Users\erick\OneDrive\ErickCraftStudiosMgrChannel\Saved Proyects\KellyBootloaderCode\KellyBootloader\.vs\msvc\Console.h(1105,36): warning C4047: '==': 'INTN *' es distinto en los niveles de direccionamiento indirecto de 'UINTN'
C:\Users\erick\OneDrive\ErickCraftStudiosMgrChannel\Saved Proyects\KellyBootloaderCode\KellyBootloader\.vs\msvc\Console.h(1135,43): warning C4047: '!=': 'int' es distinto en los niveles de direccionamiento indirecto de 'VOID *'
C:\Users\erick\OneDrive\ErickCraftStudiosMgrChannel\Saved Proyects\KellyBootloaderCode\KellyBootloader\.vs\msvc\Console.h(1174,23): warning C4244: '=': conversión de 'INTN' a 'UINT16'; posible pérdida de datos
C:\Users\erick\OneDrive\ErickCraftStudiosMgrChannel\Saved Proyects\KellyBootloaderCode\KellyBootloader\.vs\msvc\Console.h(1175,23): warning C4244: '=': conversión de 'INTN' a 'UINT16'; posible pérdida de datos
C:\Users\erick\OneDrive\ErickCraftStudiosMgrChannel\Saved Proyects\KellyBootloaderCode\KellyBootloader\.vs\msvc\Console.h(1184,25): warning C4018: '>': no coinciden signed/unsigned
C:\Users\erick\OneDrive\ErickCraftStudiosMgrChannel\Saved Proyects\KellyBootloaderCode\KellyBootloader\.vs\msvc\Console.h(1191,36): warning C4244: '=': conversión de 'INTN' a 'UINT16'; posible pérdida de datos
C:\Users\erick\OneDrive\ErickCraftStudiosMgrChannel\Saved Proyects\KellyBootloaderCode\KellyBootloader\.vs\msvc\Console.h(1192,36): warning C4244: '=': conversión de 'INTN' a 'UINT16'; posible pérdida de datos
C:\Users\erick\OneDrive\ErickCraftStudiosMgrChannel\Saved Proyects\KellyBootloaderCode\KellyBootloader\.vs\msvc\Console.h(1802,38): warning C4244: 'función': conversión de 'UINTN' a 'UINT32'; posible pérdida de datos
C:\Users\erick\OneDrive\ErickCraftStudiosMgrChannel\Saved Proyects\KellyBootloaderCode\KellyBootloader\.vs\msvc\Console.h(1802,60): warning C4244: 'función': conversión de 'UINTN' a 'UINT32'; posible pérdida de datos
C:\Users\erick\OneDrive\ErickCraftStudiosMgrChannel\Saved Proyects\KellyBootloaderCode\KellyBootloader\.vs\msvc\Console.h(1808,11): warning C4018: '<': no coinciden signed/unsigned
C:\Users\erick\OneDrive\ErickCraftStudiosMgrChannel\Saved Proyects\KellyBootloaderCode\KellyBootloader\.vs\msvc\Console.h(1983,20): warning C4018: '<': no coinciden signed/unsigned
C:\Users\erick\OneDrive\ErickCraftStudiosMgrChannel\Saved Proyects\KellyBootloaderCode\KellyBootloader\.vs\msvc\Console.h(2014,25): warning C4047: '=': 'INTN' es distinto en los niveles de direccionamiento indirecto de 'INTN *'
C:\Users\erick\OneDrive\ErickCraftStudiosMgrChannel\Saved Proyects\KellyBootloaderCode\KellyBootloader\.vs\msvc\Console.h(2024,73): warning C4244: 'función': conversión de 'INTN' a 'UINT8'; posible pérdida de datos
C:\Users\erick\OneDrive\ErickCraftStudiosMgrChannel\Saved Proyects\KellyBootloaderCode\KellyBootloader\.vs\msvc\Console.h(2024,79): warning C4244: 'función': conversión de 'INTN' a 'INT8'; posible pérdida de datos
C:\Users\erick\OneDrive\ErickCraftStudiosMgrChannel\Saved Proyects\KellyBootloaderCode\KellyBootloader\.vs\msvc\Console.h(2027,73): warning C4244: 'función': conversión de 'INTN' a 'UINT8'; posible pérdida de datos
C:\Users\erick\OneDrive\ErickCraftStudiosMgrChannel\Saved Proyects\KellyBootloaderCode\KellyBootloader\.vs\msvc\Console.h(2027,79): warning C4244: 'función': conversión de 'INTN' a 'INT8'; posible pérdida de datos
C:\Users\erick\OneDrive\ErickCraftStudiosMgrChannel\Saved Proyects\KellyBootloaderCode\KellyBootloader\.vs\msvc\Console.h(1972,1): warning C4047: 'inicializando': 'INTN' es distinto en los niveles de direccionamiento indirecto de 'INTN *'
C:\Users\erick\OneDrive\ErickCraftStudiosMgrChannel\Saved Proyects\KellyBootloaderCode\KellyBootloader\.vs\msvc\Console.h(1973,1): warning C4047: 'inicializando': 'INTN' es distinto en los niveles de direccionamiento indirecto de 'INTN *'
C:\Users\erick\OneDrive\ErickCraftStudiosMgrChannel\Saved Proyects\KellyBootloaderCode\KellyBootloader\.vs\msvc\Console.h(2079,16): warning C4047: 'función': 'INTN *' es distinto en los niveles de direccionamiento indirecto de 'INTN'
C:\Users\erick\OneDrive\ErickCraftStudiosMgrChannel\Saved Proyects\KellyBootloaderCode\KellyBootloader\.vs\msvc\Console.h(2079,9): warning C4024: 'printf': tipos distintos para el parámetro formal y el parámetro real 3
C:\Users\erick\OneDrive\ErickCraftStudiosMgrChannel\Saved Proyects\KellyBootloaderCode\KellyBootloader\.vs\msvc\Console.h(2080,16): warning C4047: 'función': 'INTN *' es distinto en los niveles de direccionamiento indirecto de 'INTN'
C:\Users\erick\OneDrive\ErickCraftStudiosMgrChannel\Saved Proyects\KellyBootloaderCode\KellyBootloader\.vs\msvc\Console.h(2080,9): warning C4024: 'printf': tipos distintos para el parámetro formal y el parámetro real 4
C:\Users\erick\OneDrive\ErickCraftStudiosMgrChannel\Saved Proyects\KellyBootloaderCode\KellyBootloader\.vs\msvc\Console.h(2334,56): warning C4047: 'función': 'UINTN *' es distinto en los niveles de direccionamiento indirecto de 'int'
C:\Users\erick\OneDrive\ErickCraftStudiosMgrChannel\Saved Proyects\KellyBootloaderCode\KellyBootloader\.vs\msvc\Console.h(2334,55): warning C4024: 'función mediante puntero': tipos distintos para el parámetro formal y el parámetro real 3
C:\Users\erick\OneDrive\ErickCraftStudiosMgrChannel\Saved Proyects\KellyBootloaderCode\KellyBootloader\.vs\msvc\Console.h(2800,56): warning C4047: 'función': 'UINTN *' es distinto en los niveles de direccionamiento indirecto de 'int'
C:\Users\erick\OneDrive\ErickCraftStudiosMgrChannel\Saved Proyects\KellyBootloaderCode\KellyBootloader\.vs\msvc\Console.h(2800,55): warning C4024: 'función mediante puntero': tipos distintos para el parámetro formal y el parámetro real 3
C:\Users\erick\OneDrive\ErickCraftStudiosMgrChannel\Saved Proyects\KellyBootloaderCode\KellyBootloader\.vs\msvc\ErickBinaryFormat.h(399,30): warning C4047: '!=': 'int' es distinto en los niveles de direccionamiento indirecto de 'VOID *'
C:\Users\erick\OneDrive\ErickCraftStudiosMgrChannel\Saved Proyects\KellyBootloaderCode\KellyBootloader\.vs\msvc\ErickBinaryFormat.h(414,27): warning C4244: 'función': conversión de 'UINTN' a 'UINT32'; posible pérdida de datos
C:\Users\erick\OneDrive\ErickCraftStudiosMgrChannel\Saved Proyects\KellyBootloaderCode\KellyBootloader\.vs\msvc\ErickBinaryFormat.h(414,49): warning C4244: 'función': conversión de 'UINTN' a 'UINT32'; posible pérdida de datos
C:\Users\erick\OneDrive\ErickCraftStudiosMgrChannel\Saved Proyects\KellyBootloaderCode\KellyBootloader\.vs\msvc\ErickBinaryFormat.h(468,31): warning C4047: '==': 'int' es distinto en los niveles de direccionamiento indirecto de 'VOID *'
C:\Users\erick\OneDrive\ErickCraftStudiosMgrChannel\Saved Proyects\KellyBootloaderCode\KellyBootloader\.vs\msvc\ErickBinaryFormat.h(468,62): warning C4267: 'return': conversión de 'size_t' a 't16'; posible pérdida de datos
C:\Users\erick\OneDrive\ErickCraftStudiosMgrChannel\Saved Proyects\KellyBootloaderCode\KellyBootloader\.vs\msvc\ErickBinaryFormat.h(486,28): warning C4047: '==': 'int' es distinto en los niveles de direccionamiento indirecto de 'VOID *'
C:\Users\erick\OneDrive\ErickCraftStudiosMgrChannel\Saved Proyects\KellyBootloaderCode\KellyBootloader\.vs\msvc\ErickBinaryFormat.h(489,13): warning C4267: '=': conversión de 'size_t' a 't16'; posible pérdida de datos
C:\Users\erick\OneDrive\ErickCraftStudiosMgrChannel\Saved Proyects\KellyBootloaderCode\KellyBootloader\.vs\msvc\ErickBinaryFormat.h(693,29): warning C4244: 'función': conversión de 'u64' a 't16'; posible pérdida de datos
C:\Users\erick\OneDrive\ErickCraftStudiosMgrChannel\Saved Proyects\KellyBootloaderCode\KellyBootloader\.vs\msvc\ErickBinaryFormat.h(932,23): warning C4018: '<': no coinciden signed/unsigned
C:\Users\erick\OneDrive\ErickCraftStudiosMgrChannel\Saved Proyects\KellyBootloaderCode\KellyBootloader\.vs\msvc\ErickBinaryFormat.h(958,23): warning C4018: '<': no coinciden signed/unsigned
C:\Users\erick\OneDrive\ErickCraftStudiosMgrChannel\Saved Proyects\KellyBootloaderCode\KellyBootloader\.vs\msvc\ErickBinaryFormat.h(998,21): warning C4047: 'función': 'INTN *' es distinto en los niveles de direccionamiento indirecto de 'int'
C:\Users\erick\OneDrive\ErickCraftStudiosMgrChannel\Saved Proyects\KellyBootloaderCode\KellyBootloader\.vs\msvc\ErickBinaryFormat.h(998,20): warning C4024: 'SetScreenAtribute': tipos distintos para el parámetro formal y el parámetro real 1
C:\Users\erick\OneDrive\ErickCraftStudiosMgrChannel\Saved Proyects\KellyBootloaderCode\KellyBootloader\.vs\msvc\ErickBinaryFormat.h(1011,22): warning C4047: 'función': 'INTN *' es distinto en los niveles de direccionamiento indirecto de 'int'
C:\Users\erick\OneDrive\ErickCraftStudiosMgrChannel\Saved Proyects\KellyBootloaderCode\KellyBootloader\.vs\msvc\ErickBinaryFormat.h(1011,21): warning C4024: 'SetScreenAtribute': tipos distintos para el parámetro formal y el parámetro real 1
C:\Users\erick\OneDrive\ErickCraftStudiosMgrChannel\Saved Proyects\KellyBootloaderCode\KellyBootloader\.vs\msvc\ErickBinaryFormat.h(1021,22): warning C4047: 'función': 'INTN *' es distinto en los niveles de direccionamiento indirecto de 'int'
C:\Users\erick\OneDrive\ErickCraftStudiosMgrChannel\Saved Proyects\KellyBootloaderCode\KellyBootloader\.vs\msvc\ErickBinaryFormat.h(1021,21): warning C4024: 'SetScreenAtribute': tipos distintos para el parámetro formal y el parámetro real 1
C:\Users\erick\OneDrive\ErickCraftStudiosMgrChannel\Saved Proyects\KellyBootloaderCode\KellyBootloader\.vs\msvc\ErickBinaryFormat.h(1030,22): warning C4047: 'función': 'INTN *' es distinto en los niveles de direccionamiento indirecto de 'int'
C:\Users\erick\OneDrive\ErickCraftStudiosMgrChannel\Saved Proyects\KellyBootloaderCode\KellyBootloader\.vs\msvc\ErickBinaryFormat.h(1030,21): warning C4024: 'SetScreenAtribute': tipos distintos para el parámetro formal y el parámetro real 1
C:\Users\erick\OneDrive\ErickCraftStudiosMgrChannel\Saved Proyects\KellyBootloaderCode\KellyBootloader\.vs\msvc\ErickBinaryFormat.h(1045,32): warning C4018: '>': no coinciden signed/unsigned
C:\Users\erick\OneDrive\ErickCraftStudiosMgrChannel\Saved Proyects\KellyBootloaderCode\KellyBootloader\.vs\msvc\ErickBinaryFormat.h(1057,13): warning C4018: '>': no coinciden signed/unsigned
C:\Users\erick\OneDrive\ErickCraftStudiosMgrChannel\Saved Proyects\KellyBootloaderCode\KellyBootloader\.vs\msvc\ErickBinaryFormat.h(1067,23): warning C4047: 'función': 'INTN *' es distinto en los niveles de direccionamiento indirecto de 'int'
C:\Users\erick\OneDrive\ErickCraftStudiosMgrChannel\Saved Proyects\KellyBootloaderCode\KellyBootloader\.vs\msvc\ErickBinaryFormat.h(1067,22): warning C4024: 'SetScreenAtribute': tipos distintos para el parámetro formal y el parámetro real 1
C:\Users\erick\OneDrive\ErickCraftStudiosMgrChannel\Saved Proyects\KellyBootloaderCode\KellyBootloader\.vs\msvc\ErickBinaryFormat.h(1080,24): warning C4047: 'función': 'INTN *' es distinto en los niveles de direccionamiento indirecto de 'int'
C:\Users\erick\OneDrive\ErickCraftStudiosMgrChannel\Saved Proyects\KellyBootloaderCode\KellyBootloader\.vs\msvc\ErickBinaryFormat.h(1080,23): warning C4024: 'SetScreenAtribute': tipos distintos para el parámetro formal y el parámetro real 1
C:\Users\erick\OneDrive\ErickCraftStudiosMgrChannel\Saved Proyects\KellyBootloaderCode\KellyBootloader\.vs\msvc\ErickBinaryFormat.h(1105,23): warning C4047: 'función': 'INTN *' es distinto en los niveles de direccionamiento indirecto de 'int'
C:\Users\erick\OneDrive\ErickCraftStudiosMgrChannel\Saved Proyects\KellyBootloaderCode\KellyBootloader\.vs\msvc\ErickBinaryFormat.h(1105,22): warning C4024: 'SetScreenAtribute': tipos distintos para el parámetro formal y el parámetro real 1
C:\Users\erick\OneDrive\ErickCraftStudiosMgrChannel\Saved Proyects\KellyBootloaderCode\KellyBootloader\.vs\msvc\ErickBinaryFormat.h(1121,22): warning C4047: 'función': 'INTN *' es distinto en los niveles de direccionamiento indirecto de 'int'
C:\Users\erick\OneDrive\ErickCraftStudiosMgrChannel\Saved Proyects\KellyBootloaderCode\KellyBootloader\.vs\msvc\ErickBinaryFormat.h(1121,21): warning C4024: 'SetScreenAtribute': tipos distintos para el parámetro formal y el parámetro real 1
C:\Users\erick\OneDrive\ErickCraftStudiosMgrChannel\Saved Proyects\KellyBootloaderCode\KellyBootloader\.vs\msvc\ErickBinaryFormat.h(1146,22): warning C4047: 'función': 'INTN *' es distinto en los niveles de direccionamiento indirecto de 'int'
C:\Users\erick\OneDrive\ErickCraftStudiosMgrChannel\Saved Proyects\KellyBootloaderCode\KellyBootloader\.vs\msvc\ErickBinaryFormat.h(1146,21): warning C4024: 'SetScreenAtribute': tipos distintos para el parámetro formal y el parámetro real 1
C:\Users\erick\OneDrive\ErickCraftStudiosMgrChannel\Saved Proyects\KellyBootloaderCode\KellyBootloader\.vs\msvc\ErickBinaryFormat.h(1433,29): warning C4244: 'función': conversión de 'UINTN' a 'UINT32'; posible pérdida de datos
C:\Users\erick\OneDrive\ErickCraftStudiosMgrChannel\Saved Proyects\KellyBootloaderCode\KellyBootloader\.vs\msvc\ErickBinaryFormat.h(1433,51): warning C4244: 'función': conversión de 'UINTN' a 'UINT32'; posible pérdida de datos
C:\Users\erick\OneDrive\ErickCraftStudiosMgrChannel\Saved Proyects\KellyBootloaderCode\KellyBootloader\.vs\msvc\ErickBinaryFormat.h(1395,14): warning C4244: 'inicializando': conversión de 'UINTN' a 't16'; posible pérdida de datos
C:\Users\erick\OneDrive\ErickCraftStudiosMgrChannel\Saved Proyects\KellyBootloaderCode\KellyBootloader\.vs\msvc\ErickBinaryFormat.h(2081,24): warning C4244: '=': conversión de 'u64' a 't16'; posible pérdida de datos
C:\Users\erick\OneDrive\ErickCraftStudiosMgrChannel\Saved Proyects\KellyBootloaderCode\KellyBootloader\.vs\msvc\ErickBinaryFormat.h(2254,29): warning C4047: 'función': 'INTN *' es distinto en los niveles de direccionamiento indirecto de 'int'
C:\Users\erick\OneDrive\ErickCraftStudiosMgrChannel\Saved Proyects\KellyBootloaderCode\KellyBootloader\.vs\msvc\ErickBinaryFormat.h(2254,26): warning C4024: 'SetScreenAtribute': tipos distintos para el parámetro formal y el parámetro real 1
C:\Users\erick\OneDrive\ErickCraftStudiosMgrChannel\Saved Proyects\KellyBootloaderCode\KellyBootloader\.vs\msvc\ErickBinaryFormat.h(2338,52): warning C4047: 'función': 'UINTN *' es distinto en los niveles de direccionamiento indirecto de 'int'
C:\Users\erick\OneDrive\ErickCraftStudiosMgrChannel\Saved Proyects\KellyBootloaderCode\KellyBootloader\.vs\msvc\ErickBinaryFormat.h(2338,51): warning C4024: 'función mediante puntero': tipos distintos para el parámetro formal y el parámetro real 3
C:\Users\erick\OneDrive\ErickCraftStudiosMgrChannel\Saved Proyects\KellyBootloaderCode\KellyBootloader\.vs\msvc\ErickBinaryFormat.h(2915,24): warning C4244: '=': conversión de 'INTN' a 't16'; posible pérdida de datos
C:\Users\erick\OneDrive\ErickCraftStudiosMgrChannel\Saved Proyects\KellyBootloaderCode\KellyBootloader\.vs\msvc\ErickBinaryFormat.h(2916,28): warning C4244: '=': conversión de 'INTN' a 't16'; posible pérdida de datos
C:\Users\erick\OneDrive\ErickCraftStudiosMgrChannel\Saved Proyects\KellyBootloaderCode\KellyBootloader\.vs\msvc\ErickBinaryFormat.h(2959,35): warning C4244: '=': conversión de 'CHAR16' a 'UINT8'; posible pérdida de datos
C:\Users\erick\OneDrive\ErickCraftStudiosMgrChannel\Saved Proyects\KellyBootloaderCode\KellyBootloader\.vs\msvc\ErickBinaryFormat.h(2960,37): warning C4244: '=': conversión de 'CHAR16' a 'UINT8'; posible pérdida de datos
C:\Users\erick\OneDrive\ErickCraftStudiosMgrChannel\Saved Proyects\KellyBootloaderCode\KellyBootloader\.vs\msvc\ErickBinaryFormat.h(2961,36): warning C4244: '=': conversión de 'CHAR16' a 'UINT8'; posible pérdida de datos
C:\Users\erick\OneDrive\ErickCraftStudiosMgrChannel\Saved Proyects\KellyBootloaderCode\KellyBootloader\.vs\msvc\ErickBinaryFormat.h(3097,36): warning C4244: '=': conversión de 'EFI_STATUS' a 't16'; posible pérdida de datos
C:\Users\erick\OneDrive\ErickCraftStudiosMgrChannel\Saved Proyects\KellyBootloaderCode\KellyBootloader\.vs\msvc\ErickBinaryFormat.h(3143,8): warning C4267: 'función': conversión de 'size_t' a 't16'; posible pérdida de datos
C:\Users\erick\OneDrive\ErickCraftStudiosMgrChannel\Saved Proyects\KellyBootloaderCode\KellyBootloader\.vs\msvc\ErickBinaryFormat.h(3202,36): warning C4244: '=': conversión de 'EFI_STATUS' a 't16'; posible pérdida de datos
C:\Users\erick\OneDrive\ErickCraftStudiosMgrChannel\Saved Proyects\KellyBootloaderCode\KellyBootloader\.vs\msvc\ErickBinaryFormat.h(3263,25): warning C4244: 'función': conversión de 't16' a 'BOOLEAN'; posible pérdida de datos
C:\Users\erick\OneDrive\ErickCraftStudiosMgrChannel\Saved Proyects\KellyBootloaderCode\KellyBootloader\.vs\msvc\ErickBinaryFormat.h(3311,17): warning C4047: 'función': 'UINTN **' es distinto en los niveles de direccionamiento indirecto de 'UINTN (*)[30]'
C:\Users\erick\OneDrive\ErickCraftStudiosMgrChannel\Saved Proyects\KellyBootloaderCode\KellyBootloader\.vs\msvc\ErickBinaryFormat.h(3311,6): warning C4024: 'SearchPciRegisterWithFirstChildOfList': tipos distintos para el parámetro formal y el parámetro real 3
C:\Users\erick\OneDrive\ErickCraftStudiosMgrChannel\Saved Proyects\KellyBootloaderCode\KellyBootloader\.vs\msvc\ErickBinaryFormat.h(3316,44): warning C4244: 'función': conversión de 'UINTN' a 't16'; posible pérdida de datos
C:\Users\erick\OneDrive\ErickCraftStudiosMgrChannel\Saved Proyects\KellyBootloaderCode\KellyBootloader\.vs\msvc\ErickBinaryFormat.h(3368,17): warning C4047: 'función': 'UINTN **' es distinto en los niveles de direccionamiento indirecto de 'UINTN (*)[30]'
C:\Users\erick\OneDrive\ErickCraftStudiosMgrChannel\Saved Proyects\KellyBootloaderCode\KellyBootloader\.vs\msvc\ErickBinaryFormat.h(3368,6): warning C4024: 'SearchPciRegisterWithFirstChildOfListIds': tipos distintos para el parámetro formal y el parámetro real 2
C:\Users\erick\OneDrive\ErickCraftStudiosMgrChannel\Saved Proyects\KellyBootloaderCode\KellyBootloader\.vs\msvc\ErickBinaryFormat.h(3366,36): warning C4244: '=': conversión de 'EFI_STATUS' a 't16'; posible pérdida de datos
C:\Users\erick\OneDrive\ErickCraftStudiosMgrChannel\Saved Proyects\KellyBootloaderCode\KellyBootloader\.vs\msvc\ErickBinaryFormat.h(3373,44): warning C4244: 'función': conversión de 'UINTN' a 't16'; posible pérdida de datos
C:\Users\erick\OneDrive\ErickCraftStudiosMgrChannel\Saved Proyects\KellyBootloaderCode\KellyBootloader\.vs\msvc\ErickBinaryFormat.h(3398,36): warning C4244: '=': conversión de 'EFI_STATUS' a 't16'; posible pérdida de datos
C:\Users\erick\OneDrive\ErickCraftStudiosMgrChannel\Saved Proyects\KellyBootloaderCode\KellyBootloader\.vs\msvc\ErickBinaryFormat.h(3420,17): warning C4047: 'función': 'UINTN **' es distinto en los niveles de direccionamiento indirecto de 'UINTN (*)[30]'
C:\Users\erick\OneDrive\ErickCraftStudiosMgrChannel\Saved Proyects\KellyBootloaderCode\KellyBootloader\.vs\msvc\ErickBinaryFormat.h(3420,6): warning C4024: 'ListAllPciDevicesIds': tipos distintos para el parámetro formal y el parámetro real 1
C:\Users\erick\OneDrive\ErickCraftStudiosMgrChannel\Saved Proyects\KellyBootloaderCode\KellyBootloader\.vs\msvc\ErickBinaryFormat.h(3419,36): warning C4244: '=': conversión de 'EFI_STATUS' a 't16'; posible pérdida de datos
C:\Users\erick\OneDrive\ErickCraftStudiosMgrChannel\Saved Proyects\KellyBootloaderCode\KellyBootloader\.vs\msvc\ErickBinaryFormat.h(3425,44): warning C4244: 'función': conversión de 'UINTN' a 't16'; posible pérdida de datos
C:\Users\erick\OneDrive\ErickCraftStudiosMgrChannel\Saved Proyects\KellyBootloaderCode\KellyBootloader\.vs\msvc\ErickBinaryFormat.h(3543,24): warning C4244: '=': conversión de 'unsigned __int64' a 't16'; posible pérdida de datos
C:\Users\erick\OneDrive\ErickCraftStudiosMgrChannel\Saved Proyects\KellyBootloaderCode\KellyBootloader\.vs\msvc\ErickBinaryFormat.h(3564,24): warning C4244: '=': conversión de 'unsigned __int64' a 't16'; posible pérdida de datos
C:\Users\erick\OneDrive\ErickCraftStudiosMgrChannel\Saved Proyects\KellyBootloaderCode\KellyBootloader\.vs\msvc\ErickBinaryFormat.h(3585,24): warning C4244: '=': conversión de 'unsigned __int64' a 't16'; posible pérdida de datos
C:\Users\erick\OneDrive\ErickCraftStudiosMgrChannel\Saved Proyects\KellyBootloaderCode\KellyBootloader\.vs\msvc\ErickBinaryFormat.h(2687,36): warning C4244: 'inicializando': conversión de 't16' a 'UINT8'; posible pérdida de datos
C:\Users\erick\OneDrive\ErickCraftStudiosMgrChannel\Saved Proyects\KellyBootloaderCode\KellyBootloader\.vs\msvc\ErickBinaryFormat.h(2687,57): warning C4244: 'inicializando': conversión de 't16' a 'UINT8'; posible pérdida de datos
C:\Users\erick\OneDrive\ErickCraftStudiosMgrChannel\Saved Proyects\KellyBootloaderCode\KellyBootloader\.vs\msvc\ErickBinaryFormat.h(2687,78): warning C4244: 'inicializando': conversión de 't16' a 'UINT8'; posible pérdida de datos
C:\Users\erick\OneDrive\ErickCraftStudiosMgrChannel\Saved Proyects\KellyBootloaderCode\KellyBootloader\.vs\msvc\ErickBinaryFormat.h(2989,36): warning C4244: 'inicializando': conversión de 't16' a 'UINT8'; posible pérdida de datos
C:\Users\erick\OneDrive\ErickCraftStudiosMgrChannel\Saved Proyects\KellyBootloaderCode\KellyBootloader\.vs\msvc\ErickBinaryFormat.h(2989,57): warning C4244: 'inicializando': conversión de 't16' a 'UINT8'; posible pérdida de datos
C:\Users\erick\OneDrive\ErickCraftStudiosMgrChannel\Saved Proyects\KellyBootloaderCode\KellyBootloader\.vs\msvc\ErickBinaryFormat.h(2989,78): warning C4244: 'inicializando': conversión de 't16' a 'UINT8'; posible pérdida de datos
C:\Users\erick\OneDrive\ErickCraftStudiosMgrChannel\Saved Proyects\KellyBootloaderCode\KellyBootloader\.vs\msvc\ErickBinaryFormat.h(3808,23): warning C4244: 'return': conversión de 'UINTN' a 'ch16'; posible pérdida de datos
C:\Users\erick\OneDrive\ErickCraftStudiosMgrChannel\Saved Proyects\KellyBootloaderCode\KellyBootloader\main.c(205,12): warning C4101: 'ArrayIdStr': variable local sin referencia
C:\Users\erick\OneDrive\ErickCraftStudiosMgrChannel\Saved Proyects\KellyBootloaderCode\KellyBootloader\main.c(639,14): warning C4098: 'WriteFile': función 'void' que devuelve un valor
C:\Users\erick\OneDrive\ErickCraftStudiosMgrChannel\Saved Proyects\KellyBootloaderCode\KellyBootloader\main.c(595,8): warning C4101: 'BufferSize': variable local sin referencia
C:\Users\erick\OneDrive\ErickCraftStudiosMgrChannel\Saved Proyects\KellyBootloaderCode\KellyBootloader\main.c(873,23): warning C4018: '<': no coinciden signed/unsigned
C:\Users\erick\OneDrive\ErickCraftStudiosMgrChannel\Saved Proyects\KellyBootloaderCode\KellyBootloader\main.c(1097,14): warning C4047: 'función': 'CHAR16 *' es distinto en los niveles de direccionamiento indirecto de 'CHAR16 (*)[1024]'
C:\Users\erick\OneDrive\ErickCraftStudiosMgrChannel\Saved Proyects\KellyBootloaderCode\KellyBootloader\main.c(1097,9): warning C4024: 'StrCpy': tipos distintos para el parámetro formal y el parámetro real 1
C:\Users\erick\OneDrive\ErickCraftStudiosMgrChannel\Saved Proyects\KellyBootloaderCode\KellyBootloader\main.c(1153,22): warning C4047: 'función': 'INTN *' es distinto en los niveles de direccionamiento indirecto de 'int'
C:\Users\erick\OneDrive\ErickCraftStudiosMgrChannel\Saved Proyects\KellyBootloaderCode\KellyBootloader\main.c(1153,21): warning C4024: 'SetScreenAtribute': tipos distintos para el parámetro formal y el parámetro real 1
C:\Users\erick\OneDrive\ErickCraftStudiosMgrChannel\Saved Proyects\KellyBootloaderCode\KellyBootloader\main.c(1157,22): warning C4047: 'función': 'INTN *' es distinto en los niveles de direccionamiento indirecto de 'int'
C:\Users\erick\OneDrive\ErickCraftStudiosMgrChannel\Saved Proyects\KellyBootloaderCode\KellyBootloader\main.c(1157,21): warning C4024: 'SetScreenAtribute': tipos distintos para el parámetro formal y el parámetro real 1
C:\Users\erick\OneDrive\ErickCraftStudiosMgrChannel\Saved Proyects\KellyBootloaderCode\KellyBootloader\main.c(1176,22): warning C4047: 'función': 'INTN *' es distinto en los niveles de direccionamiento indirecto de 'int'
C:\Users\erick\OneDrive\ErickCraftStudiosMgrChannel\Saved Proyects\KellyBootloaderCode\KellyBootloader\main.c(1176,21): warning C4024: 'SetScreenAtribute': tipos distintos para el parámetro formal y el parámetro real 1
C:\Users\erick\OneDrive\ErickCraftStudiosMgrChannel\Saved Proyects\KellyBootloaderCode\KellyBootloader\main.c(1178,22): warning C4047: 'función': 'INTN *' es distinto en los niveles de direccionamiento indirecto de 'int'
C:\Users\erick\OneDrive\ErickCraftStudiosMgrChannel\Saved Proyects\KellyBootloaderCode\KellyBootloader\main.c(1178,21): warning C4024: 'SetScreenAtribute': tipos distintos para el parámetro formal y el parámetro real 1
C:\Users\erick\OneDrive\ErickCraftStudiosMgrChannel\Saved Proyects\KellyBootloaderCode\KellyBootloader\main.c(1183,23): warning C4047: 'función': 'INTN *' es distinto en los niveles de direccionamiento indirecto de 'int'
C:\Users\erick\OneDrive\ErickCraftStudiosMgrChannel\Saved Proyects\KellyBootloaderCode\KellyBootloader\main.c(1183,22): warning C4024: 'SetScreenAtribute': tipos distintos para el parámetro formal y el parámetro real 1
C:\Users\erick\OneDrive\ErickCraftStudiosMgrChannel\Saved Proyects\KellyBootloaderCode\KellyBootloader\main.c(1188,22): warning C4047: 'función': 'INTN *' es distinto en los niveles de direccionamiento indirecto de 'int'
C:\Users\erick\OneDrive\ErickCraftStudiosMgrChannel\Saved Proyects\KellyBootloaderCode\KellyBootloader\main.c(1188,21): warning C4024: 'SetScreenAtribute': tipos distintos para el parámetro formal y el parámetro real 1
C:\Users\erick\OneDrive\ErickCraftStudiosMgrChannel\Saved Proyects\KellyBootloaderCode\KellyBootloader\main.c(1190,22): warning C4047: 'función': 'INTN *' es distinto en los niveles de direccionamiento indirecto de 'int'
C:\Users\erick\OneDrive\ErickCraftStudiosMgrChannel\Saved Proyects\KellyBootloaderCode\KellyBootloader\main.c(1190,21): warning C4024: 'SetScreenAtribute': tipos distintos para el parámetro formal y el parámetro real 1
C:\Users\erick\OneDrive\ErickCraftStudiosMgrChannel\Saved Proyects\KellyBootloaderCode\KellyBootloader\main.c(1195,23): warning C4047: 'función': 'INTN *' es distinto en los niveles de direccionamiento indirecto de 'int'
C:\Users\erick\OneDrive\ErickCraftStudiosMgrChannel\Saved Proyects\KellyBootloaderCode\KellyBootloader\main.c(1195,22): warning C4024: 'SetScreenAtribute': tipos distintos para el parámetro formal y el parámetro real 1
C:\Users\erick\OneDrive\ErickCraftStudiosMgrChannel\Saved Proyects\KellyBootloaderCode\KellyBootloader\main.c(1199,22): warning C4047: 'función': 'INTN *' es distinto en los niveles de direccionamiento indirecto de 'int'
C:\Users\erick\OneDrive\ErickCraftStudiosMgrChannel\Saved Proyects\KellyBootloaderCode\KellyBootloader\main.c(1199,21): warning C4024: 'SetScreenAtribute': tipos distintos para el parámetro formal y el parámetro real 1
C:\Users\erick\OneDrive\ErickCraftStudiosMgrChannel\Saved Proyects\KellyBootloaderCode\KellyBootloader\main.c(1201,22): warning C4047: 'función': 'INTN *' es distinto en los niveles de direccionamiento indirecto de 'int'
C:\Users\erick\OneDrive\ErickCraftStudiosMgrChannel\Saved Proyects\KellyBootloaderCode\KellyBootloader\main.c(1201,21): warning C4024: 'SetScreenAtribute': tipos distintos para el parámetro formal y el parámetro real 1
C:\Users\erick\OneDrive\ErickCraftStudiosMgrChannel\Saved Proyects\KellyBootloaderCode\KellyBootloader\main.c(1206,23): warning C4047: 'función': 'INTN *' es distinto en los niveles de direccionamiento indirecto de 'int'
C:\Users\erick\OneDrive\ErickCraftStudiosMgrChannel\Saved Proyects\KellyBootloaderCode\KellyBootloader\main.c(1206,22): warning C4024: 'SetScreenAtribute': tipos distintos para el parámetro formal y el parámetro real 1
C:\Users\erick\OneDrive\ErickCraftStudiosMgrChannel\Saved Proyects\KellyBootloaderCode\KellyBootloader\main.c(1211,22): warning C4047: 'función': 'INTN *' es distinto en los niveles de direccionamiento indirecto de 'int'
C:\Users\erick\OneDrive\ErickCraftStudiosMgrChannel\Saved Proyects\KellyBootloaderCode\KellyBootloader\main.c(1211,21): warning C4024: 'SetScreenAtribute': tipos distintos para el parámetro formal y el parámetro real 1
C:\Users\erick\OneDrive\ErickCraftStudiosMgrChannel\Saved Proyects\KellyBootloaderCode\KellyBootloader\main.c(1222,22): warning C4047: 'función': 'INTN *' es distinto en los niveles de direccionamiento indirecto de 'int'
C:\Users\erick\OneDrive\ErickCraftStudiosMgrChannel\Saved Proyects\KellyBootloaderCode\KellyBootloader\main.c(1222,21): warning C4024: 'SetScreenAtribute': tipos distintos para el parámetro formal y el parámetro real 1
C:\Users\erick\OneDrive\ErickCraftStudiosMgrChannel\Saved Proyects\KellyBootloaderCode\KellyBootloader\main.c(1228,22): warning C4047: 'función': 'INTN *' es distinto en los niveles de direccionamiento indirecto de 'int'
C:\Users\erick\OneDrive\ErickCraftStudiosMgrChannel\Saved Proyects\KellyBootloaderCode\KellyBootloader\main.c(1228,21): warning C4024: 'SetScreenAtribute': tipos distintos para el parámetro formal y el parámetro real 1
C:\Users\erick\OneDrive\ErickCraftStudiosMgrChannel\Saved Proyects\KellyBootloaderCode\KellyBootloader\main.c(1545,22): warning C4047: 'función': 'INTN *' es distinto en los niveles de direccionamiento indirecto de 'int'
C:\Users\erick\OneDrive\ErickCraftStudiosMgrChannel\Saved Proyects\KellyBootloaderCode\KellyBootloader\main.c(1545,21): warning C4024: 'SetScreenAtribute': tipos distintos para el parámetro formal y el parámetro real 1
C:\Users\erick\OneDrive\ErickCraftStudiosMgrChannel\Saved Proyects\KellyBootloaderCode\KellyBootloader\main.c(1594,25): warning C4047: 'función': 'INTN *' es distinto en los niveles de direccionamiento indirecto de 'int'
C:\Users\erick\OneDrive\ErickCraftStudiosMgrChannel\Saved Proyects\KellyBootloaderCode\KellyBootloader\main.c(1594,24): warning C4024: 'SetScreenAtribute': tipos distintos para el parámetro formal y el parámetro real 1
C:\Users\erick\OneDrive\ErickCraftStudiosMgrChannel\Saved Proyects\KellyBootloaderCode\KellyBootloader\main.c(1680,6): warning C4033: 'editor' debe devolver un valor
C:\Users\erick\OneDrive\ErickCraftStudiosMgrChannel\Saved Proyects\KellyBootloaderCode\KellyBootloader\main.c(2103,47): warning C4133: 'función': tipos incompatibles, de '_BINARY *' a 'UINT8 *'
C:\Users\erick\OneDrive\ErickCraftStudiosMgrChannel\Saved Proyects\KellyBootloaderCode\KellyBootloader\main.c(2466,47): warning C4133: 'función': tipos incompatibles, de '_BINARY *' a 'UINT8 *'
C:\Users\erick\OneDrive\ErickCraftStudiosMgrChannel\Saved Proyects\KellyBootloaderCode\KellyBootloader\main.c(2567,25): warning C4033: 'GetFileContent' debe devolver un valor
C:\Users\erick\OneDrive\ErickCraftStudiosMgrChannel\Saved Proyects\KellyBootloaderCode\KellyBootloader\main.c(2584,25): warning C4033: 'GetFileContent' debe devolver un valor
C:\Users\erick\OneDrive\ErickCraftStudiosMgrChannel\Saved Proyects\KellyBootloaderCode\KellyBootloader\main.c(2591,25): warning C4033: 'GetFileContent' debe devolver un valor
C:\Users\erick\OneDrive\ErickCraftStudiosMgrChannel\Saved Proyects\KellyBootloaderCode\KellyBootloader\main.c(2552,8): warning C4101: 'BufferSize': variable local sin referencia
C:\Users\erick\OneDrive\ErickCraftStudiosMgrChannel\Saved Proyects\KellyBootloaderCode\KellyBootloader\main.c(2676,21): warning C4047: 'función': 'INTN *' es distinto en los niveles de direccionamiento indirecto de 'int'
C:\Users\erick\OneDrive\ErickCraftStudiosMgrChannel\Saved Proyects\KellyBootloaderCode\KellyBootloader\main.c(2676,20): warning C4024: 'SetScreenAtribute': tipos distintos para el parámetro formal y el parámetro real 1
C:\Users\erick\OneDrive\ErickCraftStudiosMgrChannel\Saved Proyects\KellyBootloaderCode\KellyBootloader\main.c(2837,36): warning C4244: 'función': conversión de 'UINTN' a 't16'; posible pérdida de datos
C:\Users\erick\OneDrive\ErickCraftStudiosMgrChannel\Saved Proyects\KellyBootloaderCode\KellyBootloader\main.c(3155,23): warning C4018: '<': no coinciden signed/unsigned
C:\Users\erick\OneDrive\ErickCraftStudiosMgrChannel\Saved Proyects\KellyBootloaderCode\KellyBootloader\main.c(3163,23): warning C4018: '<': no coinciden signed/unsigned
C:\Users\erick\OneDrive\ErickCraftStudiosMgrChannel\Saved Proyects\KellyBootloaderCode\KellyBootloader\main.c(3172,22): warning C4047: 'función': 'INTN *' es distinto en los niveles de direccionamiento indirecto de 'int'
C:\Users\erick\OneDrive\ErickCraftStudiosMgrChannel\Saved Proyects\KellyBootloaderCode\KellyBootloader\main.c(3172,21): warning C4024: 'SetScreenAtribute': tipos distintos para el parámetro formal y el parámetro real 1
C:\Users\erick\OneDrive\ErickCraftStudiosMgrChannel\Saved Proyects\KellyBootloaderCode\KellyBootloader\main.c(3221,22): warning C4047: 'función': 'INTN *' es distinto en los niveles de direccionamiento indirecto de 'int'
C:\Users\erick\OneDrive\ErickCraftStudiosMgrChannel\Saved Proyects\KellyBootloaderCode\KellyBootloader\main.c(3221,21): warning C4024: 'SetScreenAtribute': tipos distintos para el parámetro formal y el parámetro real 1
C:\Users\erick\OneDrive\ErickCraftStudiosMgrChannel\Saved Proyects\KellyBootloaderCode\KellyBootloader\main.c(3231,22): warning C4047: 'función': 'INTN *' es distinto en los niveles de direccionamiento indirecto de 'int'
C:\Users\erick\OneDrive\ErickCraftStudiosMgrChannel\Saved Proyects\KellyBootloaderCode\KellyBootloader\main.c(3231,21): warning C4024: 'SetScreenAtribute': tipos distintos para el parámetro formal y el parámetro real 1
C:\Users\erick\OneDrive\ErickCraftStudiosMgrChannel\Saved Proyects\KellyBootloaderCode\KellyBootloader\main.c(3235,22): warning C4047: 'función': 'INTN *' es distinto en los niveles de direccionamiento indirecto de 'int'
C:\Users\erick\OneDrive\ErickCraftStudiosMgrChannel\Saved Proyects\KellyBootloaderCode\KellyBootloader\main.c(3235,21): warning C4024: 'SetScreenAtribute': tipos distintos para el parámetro formal y el parámetro real 1
C:\Users\erick\OneDrive\ErickCraftStudiosMgrChannel\Saved Proyects\KellyBootloaderCode\KellyBootloader\main.c(3288,24): warning C4047: 'función': 'INTN *' es distinto en los niveles de direccionamiento indirecto de 'int'
C:\Users\erick\OneDrive\ErickCraftStudiosMgrChannel\Saved Proyects\KellyBootloaderCode\KellyBootloader\main.c(3288,23): warning C4024: 'SetScreenAtribute': tipos distintos para el parámetro formal y el parámetro real 1
C:\Users\erick\OneDrive\ErickCraftStudiosMgrChannel\Saved Proyects\KellyBootloaderCode\KellyBootloader\main.c(3293,26): warning C4047: 'función': 'INTN *' es distinto en los niveles de direccionamiento indirecto de 'int'
C:\Users\erick\OneDrive\ErickCraftStudiosMgrChannel\Saved Proyects\KellyBootloaderCode\KellyBootloader\main.c(3293,25): warning C4024: 'SetScreenAtribute': tipos distintos para el parámetro formal y el parámetro real 1
C:\Users\erick\OneDrive\ErickCraftStudiosMgrChannel\Saved Proyects\KellyBootloaderCode\KellyBootloader\main.c(3302,26): warning C4047: 'función': 'INTN *' es distinto en los niveles de direccionamiento indirecto de 'int'
C:\Users\erick\OneDrive\ErickCraftStudiosMgrChannel\Saved Proyects\KellyBootloaderCode\KellyBootloader\main.c(3302,25): warning C4024: 'SetScreenAtribute': tipos distintos para el parámetro formal y el parámetro real 1
C:\Users\erick\OneDrive\ErickCraftStudiosMgrChannel\Saved Proyects\KellyBootloaderCode\KellyBootloader\main.c(3354,22): warning C4047: 'función': 'INTN *' es distinto en los niveles de direccionamiento indirecto de 'int'
C:\Users\erick\OneDrive\ErickCraftStudiosMgrChannel\Saved Proyects\KellyBootloaderCode\KellyBootloader\main.c(3354,21): warning C4024: 'SetScreenAtribute': tipos distintos para el parámetro formal y el parámetro real 1
C:\Users\erick\OneDrive\ErickCraftStudiosMgrChannel\Saved Proyects\KellyBootloaderCode\KellyBootloader\main.c(3360,22): warning C4047: 'función': 'INTN *' es distinto en los niveles de direccionamiento indirecto de 'int'
C:\Users\erick\OneDrive\ErickCraftStudiosMgrChannel\Saved Proyects\KellyBootloaderCode\KellyBootloader\main.c(3360,21): warning C4024: 'SetScreenAtribute': tipos distintos para el parámetro formal y el parámetro real 1
C:\Users\erick\OneDrive\ErickCraftStudiosMgrChannel\Saved Proyects\KellyBootloaderCode\KellyBootloader\main.c(3365,22): warning C4047: 'función': 'INTN *' es distinto en los niveles de direccionamiento indirecto de 'int'
C:\Users\erick\OneDrive\ErickCraftStudiosMgrChannel\Saved Proyects\KellyBootloaderCode\KellyBootloader\main.c(3365,21): warning C4024: 'SetScreenAtribute': tipos distintos para el parámetro formal y el parámetro real 1
C:\Users\erick\OneDrive\ErickCraftStudiosMgrChannel\Saved Proyects\KellyBootloaderCode\KellyBootloader\main.c(3401,23): warning C4047: 'función': 'INTN *' es distinto en los niveles de direccionamiento indirecto de 'int'
C:\Users\erick\OneDrive\ErickCraftStudiosMgrChannel\Saved Proyects\KellyBootloaderCode\KellyBootloader\main.c(3401,22): warning C4024: 'SetScreenAtribute': tipos distintos para el parámetro formal y el parámetro real 1
C:\Users\erick\OneDrive\ErickCraftStudiosMgrChannel\Saved Proyects\KellyBootloaderCode\KellyBootloader\main.c(3462,16): warning C4244: 'inicializando': conversión de 'INTN' a 'UINT32'; posible pérdida de datos
C:\Users\erick\OneDrive\ErickCraftStudiosMgrChannel\Saved Proyects\KellyBootloaderCode\KellyBootloader\main.c(3681,21): warning C4047: 'función': 'INTN *' es distinto en los niveles de direccionamiento indirecto de 'int'
C:\Users\erick\OneDrive\ErickCraftStudiosMgrChannel\Saved Proyects\KellyBootloaderCode\KellyBootloader\main.c(3681,20): warning C4024: 'SetScreenAtribute': tipos distintos para el parámetro formal y el parámetro real 1
C:\Users\erick\OneDrive\ErickCraftStudiosMgrChannel\Saved Proyects\KellyBootloaderCode\KellyBootloader\main.c(3529,12): warning C4101: 'Event': variable local sin referencia
C:\Users\erick\OneDrive\ErickCraftStudiosMgrChannel\Saved Proyects\KellyBootloaderCode\KellyBootloader\main.c(1788): warning C4172: devolución de dirección de la variable local o temporal: Ret
C:\Users\erick\OneDrive\ErickCraftStudiosMgrChannel\Saved Proyects\KellyBootloaderCode\KellyBootloader\.vs\msvc\ErickBinaryFormat.h(3956): warning C4715: 'SearchSpaceInOutpud': no todas las rutas de acceso de control devuelven un valor
C:\Users\erick\OneDrive\ErickCraftStudiosMgrChannel\Saved Proyects\KellyBootloaderCode\KellyBootloader\.vs\msvc\ErickBinaryFormat.h(3954): warning C4172: devolución de dirección de la variable local o temporal: vvm
C:\Users\erick\OneDrive\ErickCraftStudiosMgrChannel\Saved Proyects\KellyBootloaderCode\KellyBootloader\main.c(794): warning C4172: devolución de dirección de la variable local o temporal: lines
C:\Users\erick\OneDrive\ErickCraftStudiosMgrChannel\Saved Proyects\KellyBootloaderCode\KellyBootloader\main.c(531): warning C4172: devolución de dirección de la variable local o temporal: lines
C:\Users\erick\OneDrive\ErickCraftStudiosMgrChannel\Saved Proyects\KellyBootloaderCode\KellyBootloader\main.c(2635): warning C4715: 'GetFileContent': no todas las rutas de acceso de control devuelven un valor
C:\Users\erick\OneDrive\ErickCraftStudiosMgrChannel\Saved Proyects\KellyBootloaderCode\KellyBootloader\.vs\msvc\Console.h(2370): warning C4716: 'YNConfirmation': debe devolver un valor
C:\Users\erick\OneDrive\ErickCraftStudiosMgrChannel\Saved Proyects\KellyBootloaderCode\KellyBootloader\.vs\msvc\ErickBinaryFormat.h(2066): warning C4700: se utilizó la variable local 'search_s' sin inicializar
C:\Users\erick\OneDrive\ErickCraftStudiosMgrChannel\Saved Proyects\KellyBootloaderCode\KellyBootloader\.vs\msvc\ErickBinaryFormat.h(3538): warning C4700: se utilizó la variable local 'search_s' sin inicializar
C:\Users\erick\OneDrive\ErickCraftStudiosMgrChannel\Saved Proyects\KellyBootloaderCode\KellyBootloader\.vs\msvc\ErickBinaryFormat.h(3559): warning C4700: se utilizó la variable local 'search_s' sin inicializar
C:\Users\erick\OneDrive\ErickCraftStudiosMgrChannel\Saved Proyects\KellyBootloaderCode\KellyBootloader\.vs\msvc\ErickBinaryFormat.h(3580): warning C4700: se utilizó la variable local 'search_s' sin inicializar
C:\Users\erick\OneDrive\ErickCraftStudiosMgrChannel\Saved Proyects\KellyBootloaderCode\KellyBootloader\main.c(1770): warning C4715: 'editor': no todas las rutas de acceso de control devuelven un valor
C:\Users\erick\OneDrive\ErickCraftStudiosMgrChannel\Saved Proyects\KellyBootloaderCode\KellyBootloader\main.c(976): warning C4700: se utilizó la variable local 'Index' sin inicializar
C:\Users\erick\OneDrive\ErickCraftStudiosMgrChannel\Saved Proyects\KellyBootloaderCode\KellyBootloader\main.c(1706): warning C4172: devolución de dirección de la variable local o temporal: text
LINK : fatal error LNK1181: no se puede abrir el archivo de entrada 'libcmt.lib'
