c:\users\erick\onedrive\erickcraftstudiosmgrchannel\saved proyects\kellybootloadercode\kellybootloader\x64\debug\gnu-efi.pdb
c:\users\erick\onedrive\erickcraftstudiosmgrchannel\saved proyects\kellybootloadercode\kellybootloader\x64\debug\gnu-efi\rtstr.obj
c:\users\erick\onedrive\erickcraftstudiosmgrchannel\saved proyects\kellybootloadercode\kellybootloader\x64\debug\gnu-efi\rtlock.obj
c:\users\erick\onedrive\erickcraftstudiosmgrchannel\saved proyects\kellybootloadercode\kellybootloader\x64\debug\gnu-efi\rtdata.obj
c:\users\erick\onedrive\erickcraftstudiosmgrchannel\saved proyects\kellybootloadercode\kellybootloader\x64\debug\gnu-efi\efirtlib.obj
c:\users\erick\onedrive\erickcraftstudiosmgrchannel\saved proyects\kellybootloadercode\kellybootloader\x64\debug\gnu-efi\print.obj
c:\users\erick\onedrive\erickcraftstudiosmgrchannel\saved proyects\kellybootloadercode\kellybootloader\x64\debug\gnu-efi\misc.obj
c:\users\erick\onedrive\erickcraftstudiosmgrchannel\saved proyects\kellybootloadercode\kellybootloader\x64\debug\gnu-efi\lock.obj
c:\users\erick\onedrive\erickcraftstudiosmgrchannel\saved proyects\kellybootloadercode\kellybootloader\x64\debug\gnu-efi\init.obj
c:\users\erick\onedrive\erickcraftstudiosmgrchannel\saved proyects\kellybootloadercode\kellybootloader\x64\debug\gnu-efi\hw.obj
c:\users\erick\onedrive\erickcraftstudiosmgrchannel\saved proyects\kellybootloadercode\kellybootloader\x64\debug\gnu-efi\hand.obj
c:\users\erick\onedrive\erickcraftstudiosmgrchannel\saved proyects\kellybootloadercode\kellybootloader\x64\debug\gnu-efi\guid.obj
c:\users\erick\onedrive\erickcraftstudiosmgrchannel\saved proyects\kellybootloadercode\kellybootloader\x64\debug\gnu-efi\event.obj
c:\users\erick\onedrive\erickcraftstudiosmgrchannel\saved proyects\kellybootloadercode\kellybootloader\x64\debug\gnu-efi\error.obj
c:\users\erick\onedrive\erickcraftstudiosmgrchannel\saved proyects\kellybootloadercode\kellybootloader\x64\debug\gnu-efi\dpath.obj
c:\users\erick\onedrive\erickcraftstudiosmgrchannel\saved proyects\kellybootloadercode\kellybootloader\x64\debug\gnu-efi\debug.obj
c:\users\erick\onedrive\erickcraftstudiosmgrchannel\saved proyects\kellybootloadercode\kellybootloader\x64\debug\gnu-efi\data.obj
c:\users\erick\onedrive\erickcraftstudiosmgrchannel\saved proyects\kellybootloadercode\kellybootloader\x64\debug\gnu-efi\crc.obj
c:\users\erick\onedrive\erickcraftstudiosmgrchannel\saved proyects\kellybootloadercode\kellybootloader\x64\debug\gnu-efi\console.obj
c:\users\erick\onedrive\erickcraftstudiosmgrchannel\saved proyects\kellybootloadercode\kellybootloader\x64\debug\gnu-efi\cmdline.obj
c:\users\erick\onedrive\erickcraftstudiosmgrchannel\saved proyects\kellybootloadercode\kellybootloader\x64\debug\gnu-efi\boxdraw.obj
c:\users\erick\onedrive\erickcraftstudiosmgrchannel\saved proyects\kellybootloadercode\kellybootloader\x64\debug\gnu-efi\math.obj
c:\users\erick\onedrive\erickcraftstudiosmgrchannel\saved proyects\kellybootloadercode\kellybootloader\x64\debug\gnu-efi\initplat.obj
c:\users\erick\onedrive\erickcraftstudiosmgrchannel\saved proyects\kellybootloadercode\kellybootloader\x64\debug\gnu-efi\str.obj
c:\users\erick\onedrive\erickcraftstudiosmgrchannel\saved proyects\kellybootloadercode\kellybootloader\x64\debug\gnu-efi\sread.obj
c:\users\erick\onedrive\erickcraftstudiosmgrchannel\saved proyects\kellybootloadercode\kellybootloader\x64\debug\gnu-efi\smbios.obj
c:\users\erick\onedrive\erickcraftstudiosmgrchannel\saved proyects\kellybootloadercode\kellybootloader\x64\debug\gnu-efi\vm.obj
c:\users\erick\onedrive\erickcraftstudiosmgrchannel\saved proyects\kellybootloadercode\kellybootloader\x64\debug\gnu-efi.lib
c:\users\erick\onedrive\erickcraftstudiosmgrchannel\saved proyects\kellybootloadercode\kellybootloader\x64\debug\gnu-efi\gnu-efi.vcxproj.filelistabsolute.txt
c:\users\erick\onedrive\erickcraftstudiosmgrchannel\saved proyects\kellybootloadercode\kellybootloader\x64\debug\gnu-efi\gnu-efi.tlog\cl.command.1.tlog
c:\users\erick\onedrive\erickcraftstudiosmgrchannel\saved proyects\kellybootloadercode\kellybootloader\x64\debug\gnu-efi\gnu-efi.tlog\cl.items.tlog
c:\users\erick\onedrive\erickcraftstudiosmgrchannel\saved proyects\kellybootloadercode\kellybootloader\x64\debug\gnu-efi\gnu-efi.tlog\cl.read.1.tlog
c:\users\erick\onedrive\erickcraftstudiosmgrchannel\saved proyects\kellybootloadercode\kellybootloader\x64\debug\gnu-efi\gnu-efi.tlog\cl.write.1.tlog
c:\users\erick\onedrive\erickcraftstudiosmgrchannel\saved proyects\kellybootloadercode\kellybootloader\x64\debug\gnu-efi\gnu-efi.tlog\lib-link.read.1.tlog
c:\users\erick\onedrive\erickcraftstudiosmgrchannel\saved proyects\kellybootloadercode\kellybootloader\x64\debug\gnu-efi\gnu-efi.tlog\lib-link.write.1.tlog
c:\users\erick\onedrive\erickcraftstudiosmgrchannel\saved proyects\kellybootloadercode\kellybootloader\x64\debug\gnu-efi\gnu-efi.tlog\lib.command.1.tlog
