[2J[01;01H[=3h[2J[01;01H[2J[01;01H[=3h[2J[01;01HBdsDxe: loading Boot0009 "S-SUN operating system" from PciRoot(0x0)/Pci(0x1,0x1)/Ata(Primary,Master,0x0)/HD(1,MBR,0xBE1AFDFA,0x3F,0xFBFC1)/\efi\boot\bootx64.efi
BdsDxe: starting Boot0009 "S-SUN operating system" from PciRoot(0x0)/Pci(0x1,0x1)/Ata(Primary,Master,0x0)/HD(1,MBR,0xBE1AFDFA,0x3F,0xFBFC1)/\efi\boot\bootx64.efi
!!!! X64 Exception Type - 0E(#PF - Page-Fault)  CPU Apic ID - 00000000 !!!!
ExceptionData - 0000000000000000  I:0 R:0 U:0 W:0 P:0 PK:0 SS:0 SGX:0
RIP  - 00000000000A3203, CS  - 0000000000000038, RFLAGS - 0000000000010246
RAX  - 0000000000000000, RCX - 0000000000000000, RDX - 0000000000000001
RBX  - 00000000064F5018, RSP - 0000000007EF2898, RBP - 0000000000000000
RSI  - 0000000000000009, RDI - 00000000064F5018
R8   - 0000000000000061, R9  - 0000000000000001, R10 - 0000000007F11E49
R11  - 0000000006520418, R12 - 0000000000000000, R13 - 0000000000000001
R14  - 0000000006D857C0, R15 - 0000000006D812D2
DS   - 0000000000000030, ES  - 0000000000000030, FS  - 0000000000000030
GS   - 0000000000000030, SS  - 0000000000000030
CR0  - 0000000080010033, CR2 - FFFFFFFF98009898, CR3 - 0000000007C01000
CR4  - 0000000000000668, CR8 - 0000000000000000
DR0  - 0000000000000000, DR1 - 0000000000000000, DR2 - 0000000000000000
DR3  - 0000000000000000, DR6 - 00000000FFFF0FF0, DR7 - 0000000000000400
GDTR - 00000000079DE000 0000000000000047, LDTR - 0000000000000000
IDTR - 00000000074D3018 0000000000000FFF,   TR - 0000000000000000
FXSAVE_STATE - 0000000007EF24F0
!!!! Can't find image information. !!!!
