  main.c
C:\Users\erick\OneDrive\ErickCraftStudiosMgrChannel\Saved Proyects\KellyBootloaderCode\KellyBootloader\.vs\msvc\motor.h(1261,46): warning C4244: 'función': conversión de 'u64' a 'UINTN'; posible pérdida de datos
  (compilando archivo de origen "../../main.c")
  
C:\Users\erick\OneDrive\ErickCraftStudiosMgrChannel\Saved Proyects\KellyBootloaderCode\KellyBootloader\.vs\msvc\motor.h(1341,36): warning C4133: 'función': tipos incompatibles, de 'u64 *' a 'UINTN *'
  (compilando archivo de origen "../../main.c")
  
C:\Users\erick\OneDrive\ErickCraftStudiosMgrChannel\Saved Proyects\KellyBootloaderCode\KellyBootloader\.vs\msvc\motor.h(1343,5): warning C4047: 'return': 'ch16' es distinto en los niveles de direccionamiento indirecto de 'ch16 *'
  (compilando archivo de origen "../../main.c")
  
C:\Users\erick\OneDrive\ErickCraftStudiosMgrChannel\Saved Proyects\KellyBootloaderCode\KellyBootloader\.vs\msvc\motor.h(1354,37): warning C4133: 'función': tipos incompatibles, de 'u64 *' a 'UINTN *'
  (compilando archivo de origen "../../main.c")
  
C:\Users\erick\OneDrive\ErickCraftStudiosMgrChannel\Saved Proyects\KellyBootloaderCode\KellyBootloader\.vs\msvc\Console.h(1030,27): warning C4047: 'return': 'CHAR16' es distinto en los niveles de direccionamiento indirecto de 'unsigned short [6]'
  (compilando archivo de origen "../../main.c")
  
C:\Users\erick\OneDrive\ErickCraftStudiosMgrChannel\Saved Proyects\KellyBootloaderCode\KellyBootloader\.vs\msvc\Console.h(1031,27): warning C4047: 'return': 'CHAR16' es distinto en los niveles de direccionamiento indirecto de 'unsigned short [6]'
  (compilando archivo de origen "../../main.c")
  
C:\Users\erick\OneDrive\ErickCraftStudiosMgrChannel\Saved Proyects\KellyBootloaderCode\KellyBootloader\.vs\msvc\Console.h(1032,26): warning C4047: 'return': 'CHAR16' es distinto en los niveles de direccionamiento indirecto de 'unsigned short [5]'
  (compilando archivo de origen "../../main.c")
  
C:\Users\erick\OneDrive\ErickCraftStudiosMgrChannel\Saved Proyects\KellyBootloaderCode\KellyBootloader\.vs\msvc\Console.h(1033,30): warning C4047: 'return': 'CHAR16' es distinto en los niveles de direccionamiento indirecto de 'unsigned short [9]'
  (compilando archivo de origen "../../main.c")
  
C:\Users\erick\OneDrive\ErickCraftStudiosMgrChannel\Saved Proyects\KellyBootloaderCode\KellyBootloader\.vs\msvc\Console.h(1034,29): warning C4047: 'return': 'CHAR16' es distinto en los niveles de direccionamiento indirecto de 'unsigned short [8]'
  (compilando archivo de origen "../../main.c")
  
C:\Users\erick\OneDrive\ErickCraftStudiosMgrChannel\Saved Proyects\KellyBootloaderCode\KellyBootloader\.vs\msvc\Console.h(1035,25): warning C4047: 'return': 'CHAR16' es distinto en los niveles de direccionamiento indirecto de 'unsigned short [4]'
  (compilando archivo de origen "../../main.c")
  
C:\Users\erick\OneDrive\ErickCraftStudiosMgrChannel\Saved Proyects\KellyBootloaderCode\KellyBootloader\.vs\msvc\Console.h(1036,27): warning C4047: 'return': 'CHAR16' es distinto en los niveles de direccionamiento indirecto de 'unsigned short [6]'
  (compilando archivo de origen "../../main.c")
  
C:\Users\erick\OneDrive\ErickCraftStudiosMgrChannel\Saved Proyects\KellyBootloaderCode\KellyBootloader\.vs\msvc\Console.h(1037,32): warning C4047: 'return': 'CHAR16' es distinto en los niveles de direccionamiento indirecto de 'unsigned short [11]'
  (compilando archivo de origen "../../main.c")
  
C:\Users\erick\OneDrive\ErickCraftStudiosMgrChannel\Saved Proyects\KellyBootloaderCode\KellyBootloader\.vs\msvc\Console.h(1038,28): warning C4047: 'return': 'CHAR16' es distinto en los niveles de direccionamiento indirecto de 'unsigned short [7]'
  (compilando archivo de origen "../../main.c")
  
C:\Users\erick\OneDrive\ErickCraftStudiosMgrChannel\Saved Proyects\KellyBootloaderCode\KellyBootloader\.vs\msvc\Console.h(1039,30): warning C4047: 'return': 'CHAR16' es distinto en los niveles de direccionamiento indirecto de 'unsigned short [9]'
  (compilando archivo de origen "../../main.c")
  
C:\Users\erick\OneDrive\ErickCraftStudiosMgrChannel\Saved Proyects\KellyBootloaderCode\KellyBootloader\.vs\msvc\Console.h(1040,32): warning C4047: 'return': 'CHAR16' es distinto en los niveles de direccionamiento indirecto de 'unsigned short [11]'
  (compilando archivo de origen "../../main.c")
  
C:\Users\erick\OneDrive\ErickCraftStudiosMgrChannel\Saved Proyects\KellyBootloaderCode\KellyBootloader\.vs\msvc\Console.h(1041,28): warning C4047: 'return': 'CHAR16' es distinto en los niveles de direccionamiento indirecto de 'unsigned short [7]'
  (compilando archivo de origen "../../main.c")
  
C:\Users\erick\OneDrive\ErickCraftStudiosMgrChannel\Saved Proyects\KellyBootloaderCode\KellyBootloader\.vs\msvc\Console.h(1042,30): warning C4047: 'return': 'CHAR16' es distinto en los niveles de direccionamiento indirecto de 'unsigned short [9]'
  (compilando archivo de origen "../../main.c")
  
C:\Users\erick\OneDrive\ErickCraftStudiosMgrChannel\Saved Proyects\KellyBootloaderCode\KellyBootloader\.vs\msvc\Console.h(1043,31): warning C4047: 'return': 'CHAR16' es distinto en los niveles de direccionamiento indirecto de 'unsigned short [10]'
  (compilando archivo de origen "../../main.c")
  
C:\Users\erick\OneDrive\ErickCraftStudiosMgrChannel\Saved Proyects\KellyBootloaderCode\KellyBootloader\.vs\msvc\Console.h(1044,27): warning C4047: 'return': 'CHAR16' es distinto en los niveles de direccionamiento indirecto de 'unsigned short [6]'
  (compilando archivo de origen "../../main.c")
  
C:\Users\erick\OneDrive\ErickCraftStudiosMgrChannel\Saved Proyects\KellyBootloaderCode\KellyBootloader\.vs\msvc\Console.h(1045,29): warning C4047: 'return': 'CHAR16' es distinto en los niveles de direccionamiento indirecto de 'unsigned short [8]'
  (compilando archivo de origen "../../main.c")
  
C:\Users\erick\OneDrive\ErickCraftStudiosMgrChannel\Saved Proyects\KellyBootloaderCode\KellyBootloader\.vs\msvc\Console.h(1046,30): warning C4047: 'return': 'CHAR16' es distinto en los niveles de direccionamiento indirecto de 'unsigned short [9]'
  (compilando archivo de origen "../../main.c")
  
C:\Users\erick\OneDrive\ErickCraftStudiosMgrChannel\Saved Proyects\KellyBootloaderCode\KellyBootloader\.vs\msvc\Console.h(1047,26): warning C4047: 'return': 'CHAR16' es distinto en los niveles de direccionamiento indirecto de 'unsigned short [5]'
  (compilando archivo de origen "../../main.c")
  
C:\Users\erick\OneDrive\ErickCraftStudiosMgrChannel\Saved Proyects\KellyBootloaderCode\KellyBootloader\.vs\msvc\Console.h(1048,28): warning C4047: 'return': 'CHAR16' es distinto en los niveles de direccionamiento indirecto de 'unsigned short [7]'
  (compilando archivo de origen "../../main.c")
  
C:\Users\erick\OneDrive\ErickCraftStudiosMgrChannel\Saved Proyects\KellyBootloaderCode\KellyBootloader\.vs\msvc\Console.h(1049,30): warning C4047: 'return': 'CHAR16' es distinto en los niveles de direccionamiento indirecto de 'unsigned short [9]'
  (compilando archivo de origen "../../main.c")
  
C:\Users\erick\OneDrive\ErickCraftStudiosMgrChannel\Saved Proyects\KellyBootloaderCode\KellyBootloader\.vs\msvc\Console.h(1050,26): warning C4047: 'return': 'CHAR16' es distinto en los niveles de direccionamiento indirecto de 'unsigned short [5]'
  (compilando archivo de origen "../../main.c")
  
C:\Users\erick\OneDrive\ErickCraftStudiosMgrChannel\Saved Proyects\KellyBootloaderCode\KellyBootloader\.vs\msvc\Console.h(1051,28): warning C4047: 'return': 'CHAR16' es distinto en los niveles de direccionamiento indirecto de 'unsigned short [7]'
  (compilando archivo de origen "../../main.c")
  
C:\Users\erick\OneDrive\ErickCraftStudiosMgrChannel\Saved Proyects\KellyBootloaderCode\KellyBootloader\.vs\msvc\Console.h(1053,5): warning C4047: 'return': 'CHAR16' es distinto en los niveles de direccionamiento indirecto de 'unsigned short [6]'
  (compilando archivo de origen "../../main.c")
  
C:\Users\erick\OneDrive\ErickCraftStudiosMgrChannel\Saved Proyects\KellyBootloaderCode\KellyBootloader\.vs\msvc\Console.h(1081,13): warning C4047: '=': 'UINT16' es distinto en los niveles de direccionamiento indirecto de 'VOID *'
  (compilando archivo de origen "../../main.c")
  
C:\Users\erick\OneDrive\ErickCraftStudiosMgrChannel\Saved Proyects\KellyBootloaderCode\KellyBootloader\.vs\msvc\Console.h(1082,13): warning C4047: '=': 'UINT16' es distinto en los niveles de direccionamiento indirecto de 'VOID *'
  (compilando archivo de origen "../../main.c")
  
C:\Users\erick\OneDrive\ErickCraftStudiosMgrChannel\Saved Proyects\KellyBootloaderCode\KellyBootloader\.vs\msvc\Console.h(1105,23): warning C4047: '==': 'INTN *' es distinto en los niveles de direccionamiento indirecto de 'UINTN'
  (compilando archivo de origen "../../main.c")
  
C:\Users\erick\OneDrive\ErickCraftStudiosMgrChannel\Saved Proyects\KellyBootloaderCode\KellyBootloader\.vs\msvc\Console.h(1134,30): warning C4018: '<': no coinciden signed/unsigned
  (compilando archivo de origen "../../main.c")
  
C:\Users\erick\OneDrive\ErickCraftStudiosMgrChannel\Saved Proyects\KellyBootloaderCode\KellyBootloader\.vs\msvc\Console.h(1135,36): warning C4047: '!=': 'int' es distinto en los niveles de direccionamiento indirecto de 'VOID *'
  (compilando archivo de origen "../../main.c")
  
C:\Users\erick\OneDrive\ErickCraftStudiosMgrChannel\Saved Proyects\KellyBootloaderCode\KellyBootloader\.vs\msvc\Console.h(1184,25): warning C4018: '>': no coinciden signed/unsigned
  (compilando archivo de origen "../../main.c")
  
C:\Users\erick\OneDrive\ErickCraftStudiosMgrChannel\Saved Proyects\KellyBootloaderCode\KellyBootloader\.vs\msvc\Console.h(1808,11): warning C4018: '<': no coinciden signed/unsigned
  (compilando archivo de origen "../../main.c")
  
C:\Users\erick\OneDrive\ErickCraftStudiosMgrChannel\Saved Proyects\KellyBootloaderCode\KellyBootloader\.vs\msvc\Console.h(1843,40): warning C4018: '<': no coinciden signed/unsigned
  (compilando archivo de origen "../../main.c")
  
C:\Users\erick\OneDrive\ErickCraftStudiosMgrChannel\Saved Proyects\KellyBootloaderCode\KellyBootloader\.vs\msvc\Console.h(1983,20): warning C4018: '<': no coinciden signed/unsigned
  (compilando archivo de origen "../../main.c")
  
C:\Users\erick\OneDrive\ErickCraftStudiosMgrChannel\Saved Proyects\KellyBootloaderCode\KellyBootloader\.vs\msvc\Console.h(2014,22): warning C4047: '=': 'INTN' es distinto en los niveles de direccionamiento indirecto de 'INTN *'
  (compilando archivo de origen "../../main.c")
  
C:\Users\erick\OneDrive\ErickCraftStudiosMgrChannel\Saved Proyects\KellyBootloaderCode\KellyBootloader\.vs\msvc\Console.h(1972,9): warning C4047: 'inicializando': 'INTN' es distinto en los niveles de direccionamiento indirecto de 'INTN *'
  (compilando archivo de origen "../../main.c")
  
C:\Users\erick\OneDrive\ErickCraftStudiosMgrChannel\Saved Proyects\KellyBootloaderCode\KellyBootloader\.vs\msvc\Console.h(1973,9): warning C4047: 'inicializando': 'INTN' es distinto en los niveles de direccionamiento indirecto de 'INTN *'
  (compilando archivo de origen "../../main.c")
  
C:\Users\erick\OneDrive\ErickCraftStudiosMgrChannel\Saved Proyects\KellyBootloaderCode\KellyBootloader\.vs\msvc\Console.h(2079,9): warning C4047: 'función': 'INTN *' es distinto en los niveles de direccionamiento indirecto de 'INTN'
  (compilando archivo de origen "../../main.c")
  
C:\Users\erick\OneDrive\ErickCraftStudiosMgrChannel\Saved Proyects\KellyBootloaderCode\KellyBootloader\.vs\msvc\Console.h(2079,9): warning C4024: 'printf': tipos distintos para el parámetro formal y el parámetro real 3
  (compilando archivo de origen "../../main.c")
  
C:\Users\erick\OneDrive\ErickCraftStudiosMgrChannel\Saved Proyects\KellyBootloaderCode\KellyBootloader\.vs\msvc\Console.h(2080,9): warning C4047: 'función': 'INTN *' es distinto en los niveles de direccionamiento indirecto de 'INTN'
  (compilando archivo de origen "../../main.c")
  
C:\Users\erick\OneDrive\ErickCraftStudiosMgrChannel\Saved Proyects\KellyBootloaderCode\KellyBootloader\.vs\msvc\Console.h(2080,9): warning C4024: 'printf': tipos distintos para el parámetro formal y el parámetro real 4
  (compilando archivo de origen "../../main.c")
  
C:\Users\erick\OneDrive\ErickCraftStudiosMgrChannel\Saved Proyects\KellyBootloaderCode\KellyBootloader\.vs\msvc\Console.h(2334,55): warning C4047: 'función': 'UINTN *' es distinto en los niveles de direccionamiento indirecto de 'int'
  (compilando archivo de origen "../../main.c")
  
C:\Users\erick\OneDrive\ErickCraftStudiosMgrChannel\Saved Proyects\KellyBootloaderCode\KellyBootloader\.vs\msvc\Console.h(2334,55): warning C4024: 'función mediante puntero': tipos distintos para el parámetro formal y el parámetro real 3
  (compilando archivo de origen "../../main.c")
  
C:\Users\erick\OneDrive\ErickCraftStudiosMgrChannel\Saved Proyects\KellyBootloaderCode\KellyBootloader\.vs\msvc\Console.h(2385,47): warning C4133: 'función': tipos incompatibles, de 'u64 *' a 'UINTN *'
  (compilando archivo de origen "../../main.c")
  
C:\Users\erick\OneDrive\ErickCraftStudiosMgrChannel\Saved Proyects\KellyBootloaderCode\KellyBootloader\.vs\msvc\Console.h(2574,54): warning C4244: 'función': conversión de 'u64' a 'UINTN'; posible pérdida de datos
  (compilando archivo de origen "../../main.c")
  
C:\Users\erick\OneDrive\ErickCraftStudiosMgrChannel\Saved Proyects\KellyBootloaderCode\KellyBootloader\.vs\msvc\Console.h(2646,53): warning C4133: 'función': tipos incompatibles, de 'u64 *' a 'UINTN *'
  (compilando archivo de origen "../../main.c")
  
C:\Users\erick\OneDrive\ErickCraftStudiosMgrChannel\Saved Proyects\KellyBootloaderCode\KellyBootloader\.vs\msvc\Console.h(2664,46): warning C4133: 'función': tipos incompatibles, de 'u64 *' a 'UINTN *'
  (compilando archivo de origen "../../main.c")
  
C:\Users\erick\OneDrive\ErickCraftStudiosMgrChannel\Saved Proyects\KellyBootloaderCode\KellyBootloader\.vs\msvc\Console.h(2700,21): warning C4244: 'función': conversión de 'u64' a 'INTN'; posible pérdida de datos
  (compilando archivo de origen "../../main.c")
  
C:\Users\erick\OneDrive\ErickCraftStudiosMgrChannel\Saved Proyects\KellyBootloaderCode\KellyBootloader\.vs\msvc\Console.h(2800,55): warning C4047: 'función': 'UINTN *' es distinto en los niveles de direccionamiento indirecto de 'int'
  (compilando archivo de origen "../../main.c")
  
C:\Users\erick\OneDrive\ErickCraftStudiosMgrChannel\Saved Proyects\KellyBootloaderCode\KellyBootloader\.vs\msvc\Console.h(2800,55): warning C4024: 'función mediante puntero': tipos distintos para el parámetro formal y el parámetro real 3
  (compilando archivo de origen "../../main.c")
  
C:\Users\erick\OneDrive\ErickCraftStudiosMgrChannel\Saved Proyects\KellyBootloaderCode\KellyBootloader\.vs\msvc\Console.h(2928,25): warning C4244: 'función': conversión de 't64' a 'INTN'; posible pérdida de datos
  (compilando archivo de origen "../../main.c")
  
C:\Users\erick\OneDrive\ErickCraftStudiosMgrChannel\Saved Proyects\KellyBootloaderCode\KellyBootloader\.vs\msvc\Console.h(2928,29): warning C4244: 'función': conversión de 't64' a 'INTN'; posible pérdida de datos
  (compilando archivo de origen "../../main.c")
  
C:\Users\erick\OneDrive\ErickCraftStudiosMgrChannel\Saved Proyects\KellyBootloaderCode\KellyBootloader\.vs\msvc\Console.h(3004,29): warning C4244: 'función': conversión de 't64' a 'INTN'; posible pérdida de datos
  (compilando archivo de origen "../../main.c")
  
C:\Users\erick\OneDrive\ErickCraftStudiosMgrChannel\Saved Proyects\KellyBootloaderCode\KellyBootloader\.vs\msvc\Console.h(3004,32): warning C4244: 'función': conversión de 't64' a 'INTN'; posible pérdida de datos
  (compilando archivo de origen "../../main.c")
  
C:\Users\erick\OneDrive\ErickCraftStudiosMgrChannel\Saved Proyects\KellyBootloaderCode\KellyBootloader\.vs\msvc\ErickBinaryFormat.h(321,23): warning C4047: '!=': 'int' es distinto en los niveles de direccionamiento indirecto de 'VOID *'
  (compilando archivo de origen "../../main.c")
  
C:\Users\erick\OneDrive\ErickCraftStudiosMgrChannel\Saved Proyects\KellyBootloaderCode\KellyBootloader\.vs\msvc\ErickBinaryFormat.h(361,20): warning C4047: '==': 'int' es distinto en los niveles de direccionamiento indirecto de 'VOID *'
  (compilando archivo de origen "../../main.c")
  
C:\Users\erick\OneDrive\ErickCraftStudiosMgrChannel\Saved Proyects\KellyBootloaderCode\KellyBootloader\.vs\msvc\ErickBinaryFormat.h(364,13): warning C4267: '=': conversión de 'size_t' a 't16'; posible pérdida de datos
  (compilando archivo de origen "../../main.c")
  
C:\Users\erick\OneDrive\ErickCraftStudiosMgrChannel\Saved Proyects\KellyBootloaderCode\KellyBootloader\.vs\msvc\ErickBinaryFormat.h(562,29): warning C4244: 'función': conversión de 'u64' a 't16'; posible pérdida de datos
  (compilando archivo de origen "../../main.c")
  
C:\Users\erick\OneDrive\ErickCraftStudiosMgrChannel\Saved Proyects\KellyBootloaderCode\KellyBootloader\.vs\msvc\ErickBinaryFormat.h(687,23): warning C4018: '<': no coinciden signed/unsigned
  (compilando archivo de origen "../../main.c")
  
C:\Users\erick\OneDrive\ErickCraftStudiosMgrChannel\Saved Proyects\KellyBootloaderCode\KellyBootloader\.vs\msvc\ErickBinaryFormat.h(713,23): warning C4018: '<': no coinciden signed/unsigned
  (compilando archivo de origen "../../main.c")
  
C:\Users\erick\OneDrive\ErickCraftStudiosMgrChannel\Saved Proyects\KellyBootloaderCode\KellyBootloader\.vs\msvc\ErickBinaryFormat.h(756,20): warning C4047: 'función': 'INTN *' es distinto en los niveles de direccionamiento indirecto de 'int'
  (compilando archivo de origen "../../main.c")
  
C:\Users\erick\OneDrive\ErickCraftStudiosMgrChannel\Saved Proyects\KellyBootloaderCode\KellyBootloader\.vs\msvc\ErickBinaryFormat.h(756,20): warning C4024: 'SetScreenAtribute': tipos distintos para el parámetro formal y el parámetro real 1
  (compilando archivo de origen "../../main.c")
  
C:\Users\erick\OneDrive\ErickCraftStudiosMgrChannel\Saved Proyects\KellyBootloaderCode\KellyBootloader\.vs\msvc\ErickBinaryFormat.h(769,21): warning C4047: 'función': 'INTN *' es distinto en los niveles de direccionamiento indirecto de 'int'
  (compilando archivo de origen "../../main.c")
  
C:\Users\erick\OneDrive\ErickCraftStudiosMgrChannel\Saved Proyects\KellyBootloaderCode\KellyBootloader\.vs\msvc\ErickBinaryFormat.h(769,21): warning C4024: 'SetScreenAtribute': tipos distintos para el parámetro formal y el parámetro real 1
  (compilando archivo de origen "../../main.c")
  
C:\Users\erick\OneDrive\ErickCraftStudiosMgrChannel\Saved Proyects\KellyBootloaderCode\KellyBootloader\.vs\msvc\ErickBinaryFormat.h(779,21): warning C4047: 'función': 'INTN *' es distinto en los niveles de direccionamiento indirecto de 'int'
  (compilando archivo de origen "../../main.c")
  
C:\Users\erick\OneDrive\ErickCraftStudiosMgrChannel\Saved Proyects\KellyBootloaderCode\KellyBootloader\.vs\msvc\ErickBinaryFormat.h(779,21): warning C4024: 'SetScreenAtribute': tipos distintos para el parámetro formal y el parámetro real 1
  (compilando archivo de origen "../../main.c")
  
C:\Users\erick\OneDrive\ErickCraftStudiosMgrChannel\Saved Proyects\KellyBootloaderCode\KellyBootloader\.vs\msvc\ErickBinaryFormat.h(788,21): warning C4047: 'función': 'INTN *' es distinto en los niveles de direccionamiento indirecto de 'int'
  (compilando archivo de origen "../../main.c")
  
C:\Users\erick\OneDrive\ErickCraftStudiosMgrChannel\Saved Proyects\KellyBootloaderCode\KellyBootloader\.vs\msvc\ErickBinaryFormat.h(788,21): warning C4024: 'SetScreenAtribute': tipos distintos para el parámetro formal y el parámetro real 1
  (compilando archivo de origen "../../main.c")
  
C:\Users\erick\OneDrive\ErickCraftStudiosMgrChannel\Saved Proyects\KellyBootloaderCode\KellyBootloader\.vs\msvc\ErickBinaryFormat.h(825,22): warning C4047: 'función': 'INTN *' es distinto en los niveles de direccionamiento indirecto de 'int'
  (compilando archivo de origen "../../main.c")
  
C:\Users\erick\OneDrive\ErickCraftStudiosMgrChannel\Saved Proyects\KellyBootloaderCode\KellyBootloader\.vs\msvc\ErickBinaryFormat.h(825,22): warning C4024: 'SetScreenAtribute': tipos distintos para el parámetro formal y el parámetro real 1
  (compilando archivo de origen "../../main.c")
  
C:\Users\erick\OneDrive\ErickCraftStudiosMgrChannel\Saved Proyects\KellyBootloaderCode\KellyBootloader\.vs\msvc\ErickBinaryFormat.h(838,23): warning C4047: 'función': 'INTN *' es distinto en los niveles de direccionamiento indirecto de 'int'
  (compilando archivo de origen "../../main.c")
  
C:\Users\erick\OneDrive\ErickCraftStudiosMgrChannel\Saved Proyects\KellyBootloaderCode\KellyBootloader\.vs\msvc\ErickBinaryFormat.h(838,23): warning C4024: 'SetScreenAtribute': tipos distintos para el parámetro formal y el parámetro real 1
  (compilando archivo de origen "../../main.c")
  
C:\Users\erick\OneDrive\ErickCraftStudiosMgrChannel\Saved Proyects\KellyBootloaderCode\KellyBootloader\.vs\msvc\ErickBinaryFormat.h(863,22): warning C4047: 'función': 'INTN *' es distinto en los niveles de direccionamiento indirecto de 'int'
  (compilando archivo de origen "../../main.c")
  
C:\Users\erick\OneDrive\ErickCraftStudiosMgrChannel\Saved Proyects\KellyBootloaderCode\KellyBootloader\.vs\msvc\ErickBinaryFormat.h(863,22): warning C4024: 'SetScreenAtribute': tipos distintos para el parámetro formal y el parámetro real 1
  (compilando archivo de origen "../../main.c")
  
C:\Users\erick\OneDrive\ErickCraftStudiosMgrChannel\Saved Proyects\KellyBootloaderCode\KellyBootloader\.vs\msvc\ErickBinaryFormat.h(877,18): warning C4244: '=': conversión de 'u64' a 'INTN'; posible pérdida de datos
  (compilando archivo de origen "../../main.c")
  
C:\Users\erick\OneDrive\ErickCraftStudiosMgrChannel\Saved Proyects\KellyBootloaderCode\KellyBootloader\.vs\msvc\ErickBinaryFormat.h(879,21): warning C4047: 'función': 'INTN *' es distinto en los niveles de direccionamiento indirecto de 'int'
  (compilando archivo de origen "../../main.c")
  
C:\Users\erick\OneDrive\ErickCraftStudiosMgrChannel\Saved Proyects\KellyBootloaderCode\KellyBootloader\.vs\msvc\ErickBinaryFormat.h(879,21): warning C4024: 'SetScreenAtribute': tipos distintos para el parámetro formal y el parámetro real 1
  (compilando archivo de origen "../../main.c")
  
C:\Users\erick\OneDrive\ErickCraftStudiosMgrChannel\Saved Proyects\KellyBootloaderCode\KellyBootloader\.vs\msvc\ErickBinaryFormat.h(904,21): warning C4047: 'función': 'INTN *' es distinto en los niveles de direccionamiento indirecto de 'int'
  (compilando archivo de origen "../../main.c")
  
C:\Users\erick\OneDrive\ErickCraftStudiosMgrChannel\Saved Proyects\KellyBootloaderCode\KellyBootloader\.vs\msvc\ErickBinaryFormat.h(904,21): warning C4024: 'SetScreenAtribute': tipos distintos para el parámetro formal y el parámetro real 1
  (compilando archivo de origen "../../main.c")
  
C:\Users\erick\OneDrive\ErickCraftStudiosMgrChannel\Saved Proyects\KellyBootloaderCode\KellyBootloader\.vs\msvc\ErickBinaryFormat.h(911,63): warning C4133: 'función': tipos incompatibles, de 'u64 *' a 'UINTN *'
  (compilando archivo de origen "../../main.c")
  
C:\Users\erick\OneDrive\ErickCraftStudiosMgrChannel\Saved Proyects\KellyBootloaderCode\KellyBootloader\.vs\msvc\ErickBinaryFormat.h(926,22): warning C4244: '-=': conversión de 'u64' a 'size_t'; posible pérdida de datos
  (compilando archivo de origen "../../main.c")
  
C:\Users\erick\OneDrive\ErickCraftStudiosMgrChannel\Saved Proyects\KellyBootloaderCode\KellyBootloader\.vs\msvc\ErickBinaryFormat.h(943,22): warning C4244: '+=': conversión de 'u64' a 'size_t'; posible pérdida de datos
  (compilando archivo de origen "../../main.c")
  
C:\Users\erick\OneDrive\ErickCraftStudiosMgrChannel\Saved Proyects\KellyBootloaderCode\KellyBootloader\.vs\msvc\ErickBinaryFormat.h(997,26): warning C4244: '-=': conversión de 'u64' a 'size_t'; posible pérdida de datos
  (compilando archivo de origen "../../main.c")
  
C:\Users\erick\OneDrive\ErickCraftStudiosMgrChannel\Saved Proyects\KellyBootloaderCode\KellyBootloader\.vs\msvc\ErickBinaryFormat.h(1014,26): warning C4244: '+=': conversión de 'u64' a 'size_t'; posible pérdida de datos
  (compilando archivo de origen "../../main.c")
  
C:\Users\erick\OneDrive\ErickCraftStudiosMgrChannel\Saved Proyects\KellyBootloaderCode\KellyBootloader\.vs\msvc\ErickBinaryFormat.h(1102,65): warning C4133: 'función': tipos incompatibles, de 'u64 *' a 'UINTN *'
  (compilando archivo de origen "../../main.c")
  
C:\Users\erick\OneDrive\ErickCraftStudiosMgrChannel\Saved Proyects\KellyBootloaderCode\KellyBootloader\.vs\msvc\ErickBinaryFormat.h(1123,16): warning C4244: '=': conversión de 'u64' a 'size_t'; posible pérdida de datos
  (compilando archivo de origen "../../main.c")
  
C:\Users\erick\OneDrive\ErickCraftStudiosMgrChannel\Saved Proyects\KellyBootloaderCode\KellyBootloader\.vs\msvc\ErickBinaryFormat.h(797,27): warning C4244: 'inicializando': conversión de 'u64' a 'size_t'; posible pérdida de datos
  (compilando archivo de origen "../../main.c")
  
C:\Users\erick\OneDrive\ErickCraftStudiosMgrChannel\Saved Proyects\KellyBootloaderCode\KellyBootloader\.vs\msvc\ErickBinaryFormat.h(1837,24): warning C4244: '=': conversión de 'u64' a 't16'; posible pérdida de datos
  (compilando archivo de origen "../../main.c")
  
C:\Users\erick\OneDrive\ErickCraftStudiosMgrChannel\Saved Proyects\KellyBootloaderCode\KellyBootloader\.vs\msvc\ErickBinaryFormat.h(2010,26): warning C4047: 'función': 'INTN *' es distinto en los niveles de direccionamiento indirecto de 'int'
  (compilando archivo de origen "../../main.c")
  
C:\Users\erick\OneDrive\ErickCraftStudiosMgrChannel\Saved Proyects\KellyBootloaderCode\KellyBootloader\.vs\msvc\ErickBinaryFormat.h(2010,26): warning C4024: 'SetScreenAtribute': tipos distintos para el parámetro formal y el parámetro real 1
  (compilando archivo de origen "../../main.c")
  
C:\Users\erick\OneDrive\ErickCraftStudiosMgrChannel\Saved Proyects\KellyBootloaderCode\KellyBootloader\.vs\msvc\ErickBinaryFormat.h(2094,51): warning C4047: 'función': 'UINTN *' es distinto en los niveles de direccionamiento indirecto de 'int'
  (compilando archivo de origen "../../main.c")
  
C:\Users\erick\OneDrive\ErickCraftStudiosMgrChannel\Saved Proyects\KellyBootloaderCode\KellyBootloader\.vs\msvc\ErickBinaryFormat.h(2094,51): warning C4024: 'función mediante puntero': tipos distintos para el parámetro formal y el parámetro real 3
  (compilando archivo de origen "../../main.c")
  
C:\Users\erick\OneDrive\ErickCraftStudiosMgrChannel\Saved Proyects\KellyBootloaderCode\KellyBootloader\.vs\msvc\ErickBinaryFormat.h(2713,35): warning C4244: '=': conversión de 'CHAR16' a 'UINT8'; posible pérdida de datos
  (compilando archivo de origen "../../main.c")
  
C:\Users\erick\OneDrive\ErickCraftStudiosMgrChannel\Saved Proyects\KellyBootloaderCode\KellyBootloader\.vs\msvc\ErickBinaryFormat.h(2714,37): warning C4244: '=': conversión de 'CHAR16' a 'UINT8'; posible pérdida de datos
  (compilando archivo de origen "../../main.c")
  
C:\Users\erick\OneDrive\ErickCraftStudiosMgrChannel\Saved Proyects\KellyBootloaderCode\KellyBootloader\.vs\msvc\ErickBinaryFormat.h(2715,36): warning C4244: '=': conversión de 'CHAR16' a 'UINT8'; posible pérdida de datos
  (compilando archivo de origen "../../main.c")
  
C:\Users\erick\OneDrive\ErickCraftStudiosMgrChannel\Saved Proyects\KellyBootloaderCode\KellyBootloader\.vs\msvc\ErickBinaryFormat.h(2718,22): warning C4244: 'función': conversión de 'u64' a 'INTN'; posible pérdida de datos
  (compilando archivo de origen "../../main.c")
  
C:\Users\erick\OneDrive\ErickCraftStudiosMgrChannel\Saved Proyects\KellyBootloaderCode\KellyBootloader\.vs\msvc\ErickBinaryFormat.h(2718,36): warning C4244: 'función': conversión de 'u64' a 'INTN'; posible pérdida de datos
  (compilando archivo de origen "../../main.c")
  
C:\Users\erick\OneDrive\ErickCraftStudiosMgrChannel\Saved Proyects\KellyBootloaderCode\KellyBootloader\.vs\msvc\ErickBinaryFormat.h(2883,26): warning C4018: '<': no coinciden signed/unsigned
  (compilando archivo de origen "../../main.c")
  
C:\Users\erick\OneDrive\ErickCraftStudiosMgrChannel\Saved Proyects\KellyBootloaderCode\KellyBootloader\.vs\msvc\ErickBinaryFormat.h(2887,7): warning C4267: 'función': conversión de 'size_t' a 't16'; posible pérdida de datos
  (compilando archivo de origen "../../main.c")
  
C:\Users\erick\OneDrive\ErickCraftStudiosMgrChannel\Saved Proyects\KellyBootloaderCode\KellyBootloader\.vs\msvc\ErickBinaryFormat.h(3001,24): warning C4244: '=': conversión de 'unsigned __int64' a 't16'; posible pérdida de datos
  (compilando archivo de origen "../../main.c")
  
C:\Users\erick\OneDrive\ErickCraftStudiosMgrChannel\Saved Proyects\KellyBootloaderCode\KellyBootloader\.vs\msvc\ErickBinaryFormat.h(3022,24): warning C4244: '=': conversión de 'unsigned __int64' a 't16'; posible pérdida de datos
  (compilando archivo de origen "../../main.c")
  
C:\Users\erick\OneDrive\ErickCraftStudiosMgrChannel\Saved Proyects\KellyBootloaderCode\KellyBootloader\.vs\msvc\ErickBinaryFormat.h(3043,24): warning C4244: '=': conversión de 'unsigned __int64' a 't16'; posible pérdida de datos
  (compilando archivo de origen "../../main.c")
  
C:\Users\erick\OneDrive\ErickCraftStudiosMgrChannel\Saved Proyects\KellyBootloaderCode\KellyBootloader\.vs\msvc\ErickBinaryFormat.h(2441,36): warning C4244: 'inicializando': conversión de 't16' a 'UINT8'; posible pérdida de datos
  (compilando archivo de origen "../../main.c")
  
C:\Users\erick\OneDrive\ErickCraftStudiosMgrChannel\Saved Proyects\KellyBootloaderCode\KellyBootloader\.vs\msvc\ErickBinaryFormat.h(2441,57): warning C4244: 'inicializando': conversión de 't16' a 'UINT8'; posible pérdida de datos
  (compilando archivo de origen "../../main.c")
  
C:\Users\erick\OneDrive\ErickCraftStudiosMgrChannel\Saved Proyects\KellyBootloaderCode\KellyBootloader\.vs\msvc\ErickBinaryFormat.h(2441,78): warning C4244: 'inicializando': conversión de 't16' a 'UINT8'; posible pérdida de datos
  (compilando archivo de origen "../../main.c")
  
C:\Users\erick\OneDrive\ErickCraftStudiosMgrChannel\Saved Proyects\KellyBootloaderCode\KellyBootloader\.vs\msvc\ErickBinaryFormat.h(2743,36): warning C4244: 'inicializando': conversión de 't16' a 'UINT8'; posible pérdida de datos
  (compilando archivo de origen "../../main.c")
  
C:\Users\erick\OneDrive\ErickCraftStudiosMgrChannel\Saved Proyects\KellyBootloaderCode\KellyBootloader\.vs\msvc\ErickBinaryFormat.h(2743,57): warning C4244: 'inicializando': conversión de 't16' a 'UINT8'; posible pérdida de datos
  (compilando archivo de origen "../../main.c")
  
C:\Users\erick\OneDrive\ErickCraftStudiosMgrChannel\Saved Proyects\KellyBootloaderCode\KellyBootloader\.vs\msvc\ErickBinaryFormat.h(2743,78): warning C4244: 'inicializando': conversión de 't16' a 'UINT8'; posible pérdida de datos
  (compilando archivo de origen "../../main.c")
  
C:\Users\erick\OneDrive\ErickCraftStudiosMgrChannel\Saved Proyects\KellyBootloaderCode\KellyBootloader\.vs\msvc\ErickBinaryFormat.h(3299,53): warning C4244: 'función': conversión de 'u64' a 'UINTN'; posible pérdida de datos
  (compilando archivo de origen "../../main.c")
  
C:\Users\erick\OneDrive\ErickCraftStudiosMgrChannel\Saved Proyects\KellyBootloaderCode\KellyBootloader\.vs\msvc\ErickBinaryFormat.h(3341,61): warning C4133: 'función': tipos incompatibles, de 'u64 *' a 'UINTN *'
  (compilando archivo de origen "../../main.c")
  
C:\Users\erick\OneDrive\ErickCraftStudiosMgrChannel\Saved Proyects\KellyBootloaderCode\KellyBootloader\.vs\msvc\ErickBinaryFormat.h(3354,52): warning C4133: 'función': tipos incompatibles, de 'u64 *' a 'UINTN *'
  (compilando archivo de origen "../../main.c")
  
C:\Users\erick\OneDrive\ErickCraftStudiosMgrChannel\Saved Proyects\KellyBootloaderCode\KellyBootloader\.vs\msvc\ErickBinaryFormat.h(3379,38): warning C4244: 'función': conversión de 'u64' a 'UINTN'; posible pérdida de datos
  (compilando archivo de origen "../../main.c")
  
C:\Users\erick\OneDrive\ErickCraftStudiosMgrChannel\Saved Proyects\KellyBootloaderCode\KellyBootloader\.vs\msvc\ErickBinaryFormat.h(3423,32): warning C4244: 'función': conversión de 'u64' a 'UINTN'; posible pérdida de datos
  (compilando archivo de origen "../../main.c")
  
C:\Users\erick\OneDrive\ErickCraftStudiosMgrChannel\Saved Proyects\KellyBootloaderCode\KellyBootloader\.vs\msvc\ErickBinaryFormat.h(3440,50): warning C4133: 'función': tipos incompatibles, de 'u64 *' a 'UINTN *'
  (compilando archivo de origen "../../main.c")
  
C:\Users\erick\OneDrive\ErickCraftStudiosMgrChannel\Saved Proyects\KellyBootloaderCode\KellyBootloader\.vs\msvc\ErickBinaryFormat.h(3452,19): warning C4244: 'función': conversión de 'u64' a 'UINTN'; posible pérdida de datos
  (compilando archivo de origen "../../main.c")
  
C:\Users\erick\OneDrive\ErickCraftStudiosMgrChannel\Saved Proyects\KellyBootloaderCode\KellyBootloader\.vs\msvc\ErickBinaryFormat.h(3461,43): warning C4133: 'función': tipos incompatibles, de 'u64 *' a 'UINTN *'
  (compilando archivo de origen "../../main.c")
  
C:\Users\erick\OneDrive\ErickCraftStudiosMgrChannel\Saved Proyects\KellyBootloaderCode\KellyBootloader\.vs\msvc\ErickBinaryFormat.h(3475,37): warning C4133: 'función': tipos incompatibles, de 'u64 *' a 'UINTN *'
  (compilando archivo de origen "../../main.c")
  
C:\Users\erick\OneDrive\ErickCraftStudiosMgrChannel\Saved Proyects\KellyBootloaderCode\KellyBootloader\.vs\msvc\ErickBinaryFormat.h(3477,40): warning C4133: 'función': tipos incompatibles, de 'u64 *' a 'UINTN *'
  (compilando archivo de origen "../../main.c")
  
C:\Users\erick\OneDrive\ErickCraftStudiosMgrChannel\Saved Proyects\KellyBootloaderCode\KellyBootloader\.vs\msvc\ErickBinaryFormat.h(3482,46): warning C4133: 'función': tipos incompatibles, de 'u64 *' a 'UINTN *'
  (compilando archivo de origen "../../main.c")
  
C:\Users\erick\OneDrive\ErickCraftStudiosMgrChannel\Saved Proyects\KellyBootloaderCode\KellyBootloader\main.c(198,12): warning C4101: 'ArrayIdStr': variable local sin referencia
C:\Users\erick\OneDrive\ErickCraftStudiosMgrChannel\Saved Proyects\KellyBootloaderCode\KellyBootloader\main.c(552,19): warning C4244: 'función': conversión de 'u64' a 'INTN'; posible pérdida de datos
C:\Users\erick\OneDrive\ErickCraftStudiosMgrChannel\Saved Proyects\KellyBootloaderCode\KellyBootloader\main.c(552,25): warning C4244: 'función': conversión de 'u64' a 'INTN'; posible pérdida de datos
C:\Users\erick\OneDrive\ErickCraftStudiosMgrChannel\Saved Proyects\KellyBootloaderCode\KellyBootloader\main.c(775,23): warning C4018: '<': no coinciden signed/unsigned
C:\Users\erick\OneDrive\ErickCraftStudiosMgrChannel\Saved Proyects\KellyBootloaderCode\KellyBootloader\main.c(999,9): warning C4047: 'función': 'CHAR16 *' es distinto en los niveles de direccionamiento indirecto de 'CHAR16 (*)[1024]'
C:\Users\erick\OneDrive\ErickCraftStudiosMgrChannel\Saved Proyects\KellyBootloaderCode\KellyBootloader\main.c(999,9): warning C4024: 'StrCpy': tipos distintos para el parámetro formal y el parámetro real 1
C:\Users\erick\OneDrive\ErickCraftStudiosMgrChannel\Saved Proyects\KellyBootloaderCode\KellyBootloader\main.c(1055,21): warning C4047: 'función': 'INTN *' es distinto en los niveles de direccionamiento indirecto de 'int'
C:\Users\erick\OneDrive\ErickCraftStudiosMgrChannel\Saved Proyects\KellyBootloaderCode\KellyBootloader\main.c(1055,21): warning C4024: 'SetScreenAtribute': tipos distintos para el parámetro formal y el parámetro real 1
C:\Users\erick\OneDrive\ErickCraftStudiosMgrChannel\Saved Proyects\KellyBootloaderCode\KellyBootloader\main.c(1059,21): warning C4047: 'función': 'INTN *' es distinto en los niveles de direccionamiento indirecto de 'int'
C:\Users\erick\OneDrive\ErickCraftStudiosMgrChannel\Saved Proyects\KellyBootloaderCode\KellyBootloader\main.c(1059,21): warning C4024: 'SetScreenAtribute': tipos distintos para el parámetro formal y el parámetro real 1
C:\Users\erick\OneDrive\ErickCraftStudiosMgrChannel\Saved Proyects\KellyBootloaderCode\KellyBootloader\main.c(1078,21): warning C4047: 'función': 'INTN *' es distinto en los niveles de direccionamiento indirecto de 'int'
C:\Users\erick\OneDrive\ErickCraftStudiosMgrChannel\Saved Proyects\KellyBootloaderCode\KellyBootloader\main.c(1078,21): warning C4024: 'SetScreenAtribute': tipos distintos para el parámetro formal y el parámetro real 1
C:\Users\erick\OneDrive\ErickCraftStudiosMgrChannel\Saved Proyects\KellyBootloaderCode\KellyBootloader\main.c(1080,21): warning C4047: 'función': 'INTN *' es distinto en los niveles de direccionamiento indirecto de 'int'
C:\Users\erick\OneDrive\ErickCraftStudiosMgrChannel\Saved Proyects\KellyBootloaderCode\KellyBootloader\main.c(1080,21): warning C4024: 'SetScreenAtribute': tipos distintos para el parámetro formal y el parámetro real 1
C:\Users\erick\OneDrive\ErickCraftStudiosMgrChannel\Saved Proyects\KellyBootloaderCode\KellyBootloader\main.c(1085,22): warning C4047: 'función': 'INTN *' es distinto en los niveles de direccionamiento indirecto de 'int'
C:\Users\erick\OneDrive\ErickCraftStudiosMgrChannel\Saved Proyects\KellyBootloaderCode\KellyBootloader\main.c(1085,22): warning C4024: 'SetScreenAtribute': tipos distintos para el parámetro formal y el parámetro real 1
C:\Users\erick\OneDrive\ErickCraftStudiosMgrChannel\Saved Proyects\KellyBootloaderCode\KellyBootloader\main.c(1090,21): warning C4047: 'función': 'INTN *' es distinto en los niveles de direccionamiento indirecto de 'int'
C:\Users\erick\OneDrive\ErickCraftStudiosMgrChannel\Saved Proyects\KellyBootloaderCode\KellyBootloader\main.c(1090,21): warning C4024: 'SetScreenAtribute': tipos distintos para el parámetro formal y el parámetro real 1
C:\Users\erick\OneDrive\ErickCraftStudiosMgrChannel\Saved Proyects\KellyBootloaderCode\KellyBootloader\main.c(1092,21): warning C4047: 'función': 'INTN *' es distinto en los niveles de direccionamiento indirecto de 'int'
C:\Users\erick\OneDrive\ErickCraftStudiosMgrChannel\Saved Proyects\KellyBootloaderCode\KellyBootloader\main.c(1092,21): warning C4024: 'SetScreenAtribute': tipos distintos para el parámetro formal y el parámetro real 1
C:\Users\erick\OneDrive\ErickCraftStudiosMgrChannel\Saved Proyects\KellyBootloaderCode\KellyBootloader\main.c(1097,22): warning C4047: 'función': 'INTN *' es distinto en los niveles de direccionamiento indirecto de 'int'
C:\Users\erick\OneDrive\ErickCraftStudiosMgrChannel\Saved Proyects\KellyBootloaderCode\KellyBootloader\main.c(1097,22): warning C4024: 'SetScreenAtribute': tipos distintos para el parámetro formal y el parámetro real 1
C:\Users\erick\OneDrive\ErickCraftStudiosMgrChannel\Saved Proyects\KellyBootloaderCode\KellyBootloader\main.c(1101,21): warning C4047: 'función': 'INTN *' es distinto en los niveles de direccionamiento indirecto de 'int'
C:\Users\erick\OneDrive\ErickCraftStudiosMgrChannel\Saved Proyects\KellyBootloaderCode\KellyBootloader\main.c(1101,21): warning C4024: 'SetScreenAtribute': tipos distintos para el parámetro formal y el parámetro real 1
C:\Users\erick\OneDrive\ErickCraftStudiosMgrChannel\Saved Proyects\KellyBootloaderCode\KellyBootloader\main.c(1103,21): warning C4047: 'función': 'INTN *' es distinto en los niveles de direccionamiento indirecto de 'int'
C:\Users\erick\OneDrive\ErickCraftStudiosMgrChannel\Saved Proyects\KellyBootloaderCode\KellyBootloader\main.c(1103,21): warning C4024: 'SetScreenAtribute': tipos distintos para el parámetro formal y el parámetro real 1
C:\Users\erick\OneDrive\ErickCraftStudiosMgrChannel\Saved Proyects\KellyBootloaderCode\KellyBootloader\main.c(1108,22): warning C4047: 'función': 'INTN *' es distinto en los niveles de direccionamiento indirecto de 'int'
C:\Users\erick\OneDrive\ErickCraftStudiosMgrChannel\Saved Proyects\KellyBootloaderCode\KellyBootloader\main.c(1108,22): warning C4024: 'SetScreenAtribute': tipos distintos para el parámetro formal y el parámetro real 1
C:\Users\erick\OneDrive\ErickCraftStudiosMgrChannel\Saved Proyects\KellyBootloaderCode\KellyBootloader\main.c(1113,21): warning C4047: 'función': 'INTN *' es distinto en los niveles de direccionamiento indirecto de 'int'
C:\Users\erick\OneDrive\ErickCraftStudiosMgrChannel\Saved Proyects\KellyBootloaderCode\KellyBootloader\main.c(1113,21): warning C4024: 'SetScreenAtribute': tipos distintos para el parámetro formal y el parámetro real 1
C:\Users\erick\OneDrive\ErickCraftStudiosMgrChannel\Saved Proyects\KellyBootloaderCode\KellyBootloader\main.c(1124,21): warning C4047: 'función': 'INTN *' es distinto en los niveles de direccionamiento indirecto de 'int'
C:\Users\erick\OneDrive\ErickCraftStudiosMgrChannel\Saved Proyects\KellyBootloaderCode\KellyBootloader\main.c(1124,21): warning C4024: 'SetScreenAtribute': tipos distintos para el parámetro formal y el parámetro real 1
C:\Users\erick\OneDrive\ErickCraftStudiosMgrChannel\Saved Proyects\KellyBootloaderCode\KellyBootloader\main.c(1130,21): warning C4047: 'función': 'INTN *' es distinto en los niveles de direccionamiento indirecto de 'int'
C:\Users\erick\OneDrive\ErickCraftStudiosMgrChannel\Saved Proyects\KellyBootloaderCode\KellyBootloader\main.c(1130,21): warning C4024: 'SetScreenAtribute': tipos distintos para el parámetro formal y el parámetro real 1
C:\Users\erick\OneDrive\ErickCraftStudiosMgrChannel\Saved Proyects\KellyBootloaderCode\KellyBootloader\main.c(1447,21): warning C4047: 'función': 'INTN *' es distinto en los niveles de direccionamiento indirecto de 'int'
C:\Users\erick\OneDrive\ErickCraftStudiosMgrChannel\Saved Proyects\KellyBootloaderCode\KellyBootloader\main.c(1447,21): warning C4024: 'SetScreenAtribute': tipos distintos para el parámetro formal y el parámetro real 1
C:\Users\erick\OneDrive\ErickCraftStudiosMgrChannel\Saved Proyects\KellyBootloaderCode\KellyBootloader\main.c(1496,24): warning C4047: 'función': 'INTN *' es distinto en los niveles de direccionamiento indirecto de 'int'
C:\Users\erick\OneDrive\ErickCraftStudiosMgrChannel\Saved Proyects\KellyBootloaderCode\KellyBootloader\main.c(1496,24): warning C4024: 'SetScreenAtribute': tipos distintos para el parámetro formal y el parámetro real 1
C:\Users\erick\OneDrive\ErickCraftStudiosMgrChannel\Saved Proyects\KellyBootloaderCode\KellyBootloader\main.c(1578,6): warning C4033: 'editor' debe devolver un valor
C:\Users\erick\OneDrive\ErickCraftStudiosMgrChannel\Saved Proyects\KellyBootloaderCode\KellyBootloader\main.c(1977,41): warning C4133: 'función': tipos incompatibles, de '_BINARY *' a 'UINT8 *'
C:\Users\erick\OneDrive\ErickCraftStudiosMgrChannel\Saved Proyects\KellyBootloaderCode\KellyBootloader\main.c(2293,41): warning C4133: 'función': tipos incompatibles, de '_BINARY *' a 'UINT8 *'
C:\Users\erick\OneDrive\ErickCraftStudiosMgrChannel\Saved Proyects\KellyBootloaderCode\KellyBootloader\main.c(2457,20): warning C4047: 'función': 'INTN *' es distinto en los niveles de direccionamiento indirecto de 'int'
C:\Users\erick\OneDrive\ErickCraftStudiosMgrChannel\Saved Proyects\KellyBootloaderCode\KellyBootloader\main.c(2457,20): warning C4024: 'SetScreenAtribute': tipos distintos para el parámetro formal y el parámetro real 1
C:\Users\erick\OneDrive\ErickCraftStudiosMgrChannel\Saved Proyects\KellyBootloaderCode\KellyBootloader\main.c(2797,21): warning C4244: 'inicializando': conversión de 'u64' a 'size_t'; posible pérdida de datos
C:\Users\erick\OneDrive\ErickCraftStudiosMgrChannel\Saved Proyects\KellyBootloaderCode\KellyBootloader\main.c(2863,21): warning C4244: 'inicializando': conversión de 'u64' a 'size_t'; posible pérdida de datos
C:\Users\erick\OneDrive\ErickCraftStudiosMgrChannel\Saved Proyects\KellyBootloaderCode\KellyBootloader\main.c(2936,23): warning C4018: '<': no coinciden signed/unsigned
C:\Users\erick\OneDrive\ErickCraftStudiosMgrChannel\Saved Proyects\KellyBootloaderCode\KellyBootloader\main.c(2944,23): warning C4018: '<': no coinciden signed/unsigned
C:\Users\erick\OneDrive\ErickCraftStudiosMgrChannel\Saved Proyects\KellyBootloaderCode\KellyBootloader\main.c(2953,21): warning C4047: 'función': 'INTN *' es distinto en los niveles de direccionamiento indirecto de 'int'
C:\Users\erick\OneDrive\ErickCraftStudiosMgrChannel\Saved Proyects\KellyBootloaderCode\KellyBootloader\main.c(2953,21): warning C4024: 'SetScreenAtribute': tipos distintos para el parámetro formal y el parámetro real 1
C:\Users\erick\OneDrive\ErickCraftStudiosMgrChannel\Saved Proyects\KellyBootloaderCode\KellyBootloader\main.c(3002,21): warning C4047: 'función': 'INTN *' es distinto en los niveles de direccionamiento indirecto de 'int'
C:\Users\erick\OneDrive\ErickCraftStudiosMgrChannel\Saved Proyects\KellyBootloaderCode\KellyBootloader\main.c(3002,21): warning C4024: 'SetScreenAtribute': tipos distintos para el parámetro formal y el parámetro real 1
C:\Users\erick\OneDrive\ErickCraftStudiosMgrChannel\Saved Proyects\KellyBootloaderCode\KellyBootloader\main.c(3012,21): warning C4047: 'función': 'INTN *' es distinto en los niveles de direccionamiento indirecto de 'int'
C:\Users\erick\OneDrive\ErickCraftStudiosMgrChannel\Saved Proyects\KellyBootloaderCode\KellyBootloader\main.c(3012,21): warning C4024: 'SetScreenAtribute': tipos distintos para el parámetro formal y el parámetro real 1
C:\Users\erick\OneDrive\ErickCraftStudiosMgrChannel\Saved Proyects\KellyBootloaderCode\KellyBootloader\main.c(3016,21): warning C4047: 'función': 'INTN *' es distinto en los niveles de direccionamiento indirecto de 'int'
C:\Users\erick\OneDrive\ErickCraftStudiosMgrChannel\Saved Proyects\KellyBootloaderCode\KellyBootloader\main.c(3016,21): warning C4024: 'SetScreenAtribute': tipos distintos para el parámetro formal y el parámetro real 1
C:\Users\erick\OneDrive\ErickCraftStudiosMgrChannel\Saved Proyects\KellyBootloaderCode\KellyBootloader\main.c(3024,14): warning C4244: '-=': conversión de 't64' a 'INTN'; posible pérdida de datos
C:\Users\erick\OneDrive\ErickCraftStudiosMgrChannel\Saved Proyects\KellyBootloaderCode\KellyBootloader\main.c(3069,23): warning C4047: 'función': 'INTN *' es distinto en los niveles de direccionamiento indirecto de 'int'
C:\Users\erick\OneDrive\ErickCraftStudiosMgrChannel\Saved Proyects\KellyBootloaderCode\KellyBootloader\main.c(3069,23): warning C4024: 'SetScreenAtribute': tipos distintos para el parámetro formal y el parámetro real 1
C:\Users\erick\OneDrive\ErickCraftStudiosMgrChannel\Saved Proyects\KellyBootloaderCode\KellyBootloader\main.c(3074,25): warning C4047: 'función': 'INTN *' es distinto en los niveles de direccionamiento indirecto de 'int'
C:\Users\erick\OneDrive\ErickCraftStudiosMgrChannel\Saved Proyects\KellyBootloaderCode\KellyBootloader\main.c(3074,25): warning C4024: 'SetScreenAtribute': tipos distintos para el parámetro formal y el parámetro real 1
C:\Users\erick\OneDrive\ErickCraftStudiosMgrChannel\Saved Proyects\KellyBootloaderCode\KellyBootloader\main.c(3083,25): warning C4047: 'función': 'INTN *' es distinto en los niveles de direccionamiento indirecto de 'int'
C:\Users\erick\OneDrive\ErickCraftStudiosMgrChannel\Saved Proyects\KellyBootloaderCode\KellyBootloader\main.c(3083,25): warning C4024: 'SetScreenAtribute': tipos distintos para el parámetro formal y el parámetro real 1
C:\Users\erick\OneDrive\ErickCraftStudiosMgrChannel\Saved Proyects\KellyBootloaderCode\KellyBootloader\main.c(3135,21): warning C4047: 'función': 'INTN *' es distinto en los niveles de direccionamiento indirecto de 'int'
C:\Users\erick\OneDrive\ErickCraftStudiosMgrChannel\Saved Proyects\KellyBootloaderCode\KellyBootloader\main.c(3135,21): warning C4024: 'SetScreenAtribute': tipos distintos para el parámetro formal y el parámetro real 1
C:\Users\erick\OneDrive\ErickCraftStudiosMgrChannel\Saved Proyects\KellyBootloaderCode\KellyBootloader\main.c(3141,21): warning C4047: 'función': 'INTN *' es distinto en los niveles de direccionamiento indirecto de 'int'
C:\Users\erick\OneDrive\ErickCraftStudiosMgrChannel\Saved Proyects\KellyBootloaderCode\KellyBootloader\main.c(3141,21): warning C4024: 'SetScreenAtribute': tipos distintos para el parámetro formal y el parámetro real 1
C:\Users\erick\OneDrive\ErickCraftStudiosMgrChannel\Saved Proyects\KellyBootloaderCode\KellyBootloader\main.c(3146,21): warning C4047: 'función': 'INTN *' es distinto en los niveles de direccionamiento indirecto de 'int'
C:\Users\erick\OneDrive\ErickCraftStudiosMgrChannel\Saved Proyects\KellyBootloaderCode\KellyBootloader\main.c(3146,21): warning C4024: 'SetScreenAtribute': tipos distintos para el parámetro formal y el parámetro real 1
C:\Users\erick\OneDrive\ErickCraftStudiosMgrChannel\Saved Proyects\KellyBootloaderCode\KellyBootloader\main.c(3182,22): warning C4047: 'función': 'INTN *' es distinto en los niveles de direccionamiento indirecto de 'int'
C:\Users\erick\OneDrive\ErickCraftStudiosMgrChannel\Saved Proyects\KellyBootloaderCode\KellyBootloader\main.c(3182,22): warning C4024: 'SetScreenAtribute': tipos distintos para el parámetro formal y el parámetro real 1
C:\Users\erick\OneDrive\ErickCraftStudiosMgrChannel\Saved Proyects\KellyBootloaderCode\KellyBootloader\main.c(3366,20): warning C4047: 'función': 'INTN *' es distinto en los niveles de direccionamiento indirecto de 'int'
C:\Users\erick\OneDrive\ErickCraftStudiosMgrChannel\Saved Proyects\KellyBootloaderCode\KellyBootloader\main.c(3366,20): warning C4024: 'SetScreenAtribute': tipos distintos para el parámetro formal y el parámetro real 1
C:\Users\erick\OneDrive\ErickCraftStudiosMgrChannel\Saved Proyects\KellyBootloaderCode\KellyBootloader\main.c(3252,12): warning C4101: 'Event': variable local sin referencia
C:\Users\erick\OneDrive\ErickCraftStudiosMgrChannel\Saved Proyects\KellyBootloaderCode\KellyBootloader\.vs\msvc\Console.h(2370,1): warning C4716: 'YNConfirmation': debe devolver un valor
C:\Users\erick\OneDrive\ErickCraftStudiosMgrChannel\Saved Proyects\KellyBootloaderCode\KellyBootloader\.vs\msvc\ErickBinaryFormat.h(3412,1): warning C4715: 'SearchSpaceInOutpud': no todas las rutas de acceso de control devuelven un valor
C:\Users\erick\OneDrive\ErickCraftStudiosMgrChannel\Saved Proyects\KellyBootloaderCode\KellyBootloader\.vs\msvc\ErickBinaryFormat.h(3410,1): warning C4172: dirección de devolución de variable local o temporal : vvm
C:\Users\erick\OneDrive\ErickCraftStudiosMgrChannel\Saved Proyects\KellyBootloaderCode\KellyBootloader\main.c(520,1): warning C4172: dirección de devolución de variable local o temporal : lines
C:\Users\erick\OneDrive\ErickCraftStudiosMgrChannel\Saved Proyects\KellyBootloaderCode\KellyBootloader\main.c(741,1): warning C4172: dirección de devolución de variable local o temporal : lines
C:\Users\erick\OneDrive\ErickCraftStudiosMgrChannel\Saved Proyects\KellyBootloaderCode\KellyBootloader\main.c(1686,1): warning C4172: dirección de devolución de variable local o temporal : Ret
C:\Users\erick\OneDrive\ErickCraftStudiosMgrChannel\Saved Proyects\KellyBootloaderCode\KellyBootloader\.vs\msvc\ErickBinaryFormat.h(1822,1): warning C4700: se utilizó la variable local 'search_s' sin inicializar
C:\Users\erick\OneDrive\ErickCraftStudiosMgrChannel\Saved Proyects\KellyBootloaderCode\KellyBootloader\.vs\msvc\ErickBinaryFormat.h(2996,1): warning C4700: se utilizó la variable local 'search_s' sin inicializar
C:\Users\erick\OneDrive\ErickCraftStudiosMgrChannel\Saved Proyects\KellyBootloaderCode\KellyBootloader\.vs\msvc\ErickBinaryFormat.h(3017,1): warning C4700: se utilizó la variable local 'search_s' sin inicializar
C:\Users\erick\OneDrive\ErickCraftStudiosMgrChannel\Saved Proyects\KellyBootloaderCode\KellyBootloader\.vs\msvc\ErickBinaryFormat.h(3038,1): warning C4700: se utilizó la variable local 'search_s' sin inicializar
C:\Users\erick\OneDrive\ErickCraftStudiosMgrChannel\Saved Proyects\KellyBootloaderCode\KellyBootloader\main.c(1668,1): warning C4715: 'editor': no todas las rutas de acceso de control devuelven un valor
C:\Users\erick\OneDrive\ErickCraftStudiosMgrChannel\Saved Proyects\KellyBootloaderCode\KellyBootloader\main.c(878,1): warning C4700: se utilizó la variable local 'Index' sin inicializar
C:\Users\erick\OneDrive\ErickCraftStudiosMgrChannel\Saved Proyects\KellyBootloaderCode\KellyBootloader\main.c(1437,1): warning C4700: se utilizó la variable local 'CurX' sin inicializar
C:\Users\erick\OneDrive\ErickCraftStudiosMgrChannel\Saved Proyects\KellyBootloaderCode\KellyBootloader\main.c(1604,1): warning C4172: dirección de devolución de variable local o temporal : text
  uefi-simple.vcxproj -> C:\Users\erick\OneDrive\ErickCraftStudiosMgrChannel\Saved Proyects\KellyBootloaderCode\KellyBootloader\ia32\Debug\KellyBootloader.efi
